Component: ARM Compiler 5.06 update 2 (build 183) Tool: armlink [4d35b7]

==============================================================================

Section Cross References

    stm32f1xx_hal_spi.o(i.HAL_SPI_DMAStop) refers to stm32f1xx_hal_dma.o(i.HAL_DMA_Abort) for HAL_DMA_Abort
    stm32f1xx_hal_spi.o(i.HAL_SPI_DeInit) refers to stm32f1xx_hal_msp.o(i.HAL_SPI_MspDeInit) for HAL_SPI_MspDeInit
    stm32f1xx_hal_spi.o(i.HAL_SPI_IRQHandler) refers to stm32f1xx_hal_spi.o(i.HAL_SPI_ErrorCallback) for HAL_SPI_ErrorCallback
    stm32f1xx_hal_spi.o(i.HAL_SPI_Init) refers to stm32f1xx_hal_msp.o(i.HAL_SPI_MspInit) for HAL_SPI_MspInit
    stm32f1xx_hal_spi.o(i.HAL_SPI_Receive) refers to stm32f1xx_hal_spi.o(i.HAL_SPI_TransmitReceive) for HAL_SPI_TransmitReceive
    stm32f1xx_hal_spi.o(i.HAL_SPI_Receive) refers to stm32f1xx_hal_spi.o(i.SPI_WaitOnFlagUntilTimeout) for SPI_WaitOnFlagUntilTimeout
    stm32f1xx_hal_spi.o(i.HAL_SPI_Receive) refers to stm32f1xx_hal_spi_ex.o(i.SPI_ISCRCErrorValid) for SPI_ISCRCErrorValid
    stm32f1xx_hal_spi.o(i.HAL_SPI_Receive_DMA) refers to stm32f1xx_hal_spi.o(i.HAL_SPI_TransmitReceive_DMA) for HAL_SPI_TransmitReceive_DMA
    stm32f1xx_hal_spi.o(i.HAL_SPI_Receive_DMA) refers to stm32f1xx_hal_dma.o(i.HAL_DMA_Start_IT) for HAL_DMA_Start_IT
    stm32f1xx_hal_spi.o(i.HAL_SPI_Receive_DMA) refers to stm32f1xx_hal_spi.o(i.SPI_DMAHalfReceiveCplt) for SPI_DMAHalfReceiveCplt
    stm32f1xx_hal_spi.o(i.HAL_SPI_Receive_DMA) refers to stm32f1xx_hal_spi.o(i.SPI_DMAReceiveCplt) for SPI_DMAReceiveCplt
    stm32f1xx_hal_spi.o(i.HAL_SPI_Receive_DMA) refers to stm32f1xx_hal_spi.o(i.SPI_DMAError) for SPI_DMAError
    stm32f1xx_hal_spi.o(i.HAL_SPI_Receive_IT) refers to stm32f1xx_hal_spi.o(i.HAL_SPI_TransmitReceive_IT) for HAL_SPI_TransmitReceive_IT
    stm32f1xx_hal_spi.o(i.HAL_SPI_Receive_IT) refers to stm32f1xx_hal_spi.o(i.SPI_RxISR) for SPI_RxISR
    stm32f1xx_hal_spi.o(i.HAL_SPI_Transmit) refers to stm32f1xx_hal_spi.o(i.SPI_WaitOnFlagUntilTimeout) for SPI_WaitOnFlagUntilTimeout
    stm32f1xx_hal_spi.o(i.HAL_SPI_TransmitReceive) refers to stm32f1xx_hal_spi.o(i.SPI_WaitOnFlagUntilTimeout) for SPI_WaitOnFlagUntilTimeout
    stm32f1xx_hal_spi.o(i.HAL_SPI_TransmitReceive_DMA) refers to stm32f1xx_hal_dma.o(i.HAL_DMA_Start_IT) for HAL_DMA_Start_IT
    stm32f1xx_hal_spi.o(i.HAL_SPI_TransmitReceive_DMA) refers to stm32f1xx_hal_spi.o(i.SPI_DMAHalfTransmitReceiveCplt) for SPI_DMAHalfTransmitReceiveCplt
    stm32f1xx_hal_spi.o(i.HAL_SPI_TransmitReceive_DMA) refers to stm32f1xx_hal_spi.o(i.SPI_DMATransmitReceiveCplt) for SPI_DMATransmitReceiveCplt
    stm32f1xx_hal_spi.o(i.HAL_SPI_TransmitReceive_DMA) refers to stm32f1xx_hal_spi.o(i.SPI_DMAError) for SPI_DMAError
    stm32f1xx_hal_spi.o(i.HAL_SPI_TransmitReceive_DMA) refers to stm32f1xx_hal_spi.o(i.SPI_DMAHalfReceiveCplt) for SPI_DMAHalfReceiveCplt
    stm32f1xx_hal_spi.o(i.HAL_SPI_TransmitReceive_DMA) refers to stm32f1xx_hal_spi.o(i.SPI_DMAReceiveCplt) for SPI_DMAReceiveCplt
    stm32f1xx_hal_spi.o(i.HAL_SPI_TransmitReceive_IT) refers to stm32f1xx_hal_spi.o(i.SPI_TxISR) for SPI_TxISR
    stm32f1xx_hal_spi.o(i.HAL_SPI_TransmitReceive_IT) refers to stm32f1xx_hal_spi.o(i.SPI_2LinesRxISR) for SPI_2LinesRxISR
    stm32f1xx_hal_spi.o(i.HAL_SPI_Transmit_DMA) refers to stm32f1xx_hal_dma.o(i.HAL_DMA_Start_IT) for HAL_DMA_Start_IT
    stm32f1xx_hal_spi.o(i.HAL_SPI_Transmit_DMA) refers to stm32f1xx_hal_spi.o(i.SPI_DMAHalfTransmitCplt) for SPI_DMAHalfTransmitCplt
    stm32f1xx_hal_spi.o(i.HAL_SPI_Transmit_DMA) refers to stm32f1xx_hal_spi.o(i.SPI_DMATransmitCplt) for SPI_DMATransmitCplt
    stm32f1xx_hal_spi.o(i.HAL_SPI_Transmit_DMA) refers to stm32f1xx_hal_spi.o(i.SPI_DMAError) for SPI_DMAError
    stm32f1xx_hal_spi.o(i.HAL_SPI_Transmit_IT) refers to stm32f1xx_hal_spi.o(i.SPI_TxISR) for SPI_TxISR
    stm32f1xx_hal_spi.o(i.SPI_2LinesRxISR) refers to stm32f1xx_hal_spi.o(i.SPI_RxCloseIRQHandler) for SPI_RxCloseIRQHandler
    stm32f1xx_hal_spi.o(i.SPI_DMAError) refers to stm32f1xx_hal_spi.o(i.HAL_SPI_ErrorCallback) for HAL_SPI_ErrorCallback
    stm32f1xx_hal_spi.o(i.SPI_DMAHalfReceiveCplt) refers to stm32f1xx_hal_spi.o(i.HAL_SPI_RxHalfCpltCallback) for HAL_SPI_RxHalfCpltCallback
    stm32f1xx_hal_spi.o(i.SPI_DMAHalfTransmitCplt) refers to stm32f1xx_hal_spi.o(i.HAL_SPI_TxHalfCpltCallback) for HAL_SPI_TxHalfCpltCallback
    stm32f1xx_hal_spi.o(i.SPI_DMAHalfTransmitReceiveCplt) refers to stm32f1xx_hal_spi.o(i.HAL_SPI_TxRxHalfCpltCallback) for HAL_SPI_TxRxHalfCpltCallback
    stm32f1xx_hal_spi.o(i.SPI_DMAReceiveCplt) refers to stm32f1xx_hal_spi.o(i.SPI_WaitOnFlagUntilTimeout) for SPI_WaitOnFlagUntilTimeout
    stm32f1xx_hal_spi.o(i.SPI_DMAReceiveCplt) refers to stm32f1xx_hal_spi_ex.o(i.SPI_ISCRCErrorValid) for SPI_ISCRCErrorValid
    stm32f1xx_hal_spi.o(i.SPI_DMAReceiveCplt) refers to stm32f1xx_hal_spi.o(i.HAL_SPI_ErrorCallback) for HAL_SPI_ErrorCallback
    stm32f1xx_hal_spi.o(i.SPI_DMAReceiveCplt) refers to stm32f1xx_hal_spi.o(i.HAL_SPI_RxCpltCallback) for HAL_SPI_RxCpltCallback
[...]
    ../clib/microlib/init/entry.s            0x00000000   Number         0  entry8a.o ABSOLUTE
    ../clib/microlib/init/entry.s            0x00000000   Number         0  entry7b.o ABSOLUTE
    ../clib/microlib/init/entry.s            0x00000000   Number         0  entry7a.o ABSOLUTE
    ../clib/microlib/init/entry.s            0x00000000   Number         0  entry5.o ABSOLUTE
    ../clib/microlib/init/entry.s            0x00000000   Number         0  entry2.o ABSOLUTE
    ../clib/microlib/init/entry.s            0x00000000   Number         0  entry9a.o ABSOLUTE
    ../clib/microlib/init/entry.s            0x00000000   Number         0  entry9b.o ABSOLUTE
    ../clib/microlib/init/entry.s            0x00000000   Number         0  entry10a.o ABSOLUTE
    ../clib/microlib/init/entry.s            0x00000000   Number         0  entry11a.o ABSOLUTE
    ../clib/microlib/init/entry.s            0x00000000   Number         0  entry11b.o ABSOLUTE
    ../clib/microlib/init/entry.s            0x00000000   Number         0  entry8b.o ABSOLUTE
    ../clib/microlib/init/entry.s            0x00000000   Number         0  entry10b.o ABSOLUTE
    ../clib/microlib/init/entry.s            0x00000000   Number         0  entry.o ABSOLUTE
    ../clib/microlib/longlong.c              0x00000000   Number         0  llsshr.o ABSOLUTE
    ../clib/microlib/longlong.c              0x00000000   Number         0  llshl.o ABSOLUTE
    ../clib/microlib/longlong.c              0x00000000   Number         0  llushr.o ABSOLUTE
    ../clib/microlib/malloc/malloc.c         0x00000000   Number         0  malloc.o ABSOLUTE
    ../clib/microlib/malloc/malloc.c         0x00000000   Number         0  malloca.o ABSOLUTE
    ../clib/microlib/malloc/malloc.c         0x00000000   Number         0  mallocr.o ABSOLUTE
    ../clib/microlib/malloc/malloc.c         0x00000000   Number         0  mallocra.o ABSOLUTE
    ../clib/microlib/malloc/mvars.c          0x00000000   Number         0  mvars.o ABSOLUTE
    ../clib/microlib/printf/printf.c         0x00000000   Number         0  printf2.o ABSOLUTE
    ../clib/microlib/printf/printf.c         0x00000000   Number         0  printf6.o ABSOLUTE
    ../clib/microlib/printf/printf.c         0x00000000   Number         0  printf0.o ABSOLUTE
    ../clib/microlib/printf/printf.c         0x00000000   Number         0  printf7.o ABSOLUTE
    ../clib/microlib/printf/printf.c         0x00000000   Number         0  printf5.o ABSOLUTE
    ../clib/microlib/printf/printf.c         0x00000000   Number         0  printf8.o ABSOLUTE
    ../clib/microlib/printf/printf.c         0x00000000   Number         0  printfb.o ABSOLUTE
    ../clib/microlib/printf/printf.c         0x00000000   Number         0  printf3.o ABSOLUTE
    ../clib/microlib/printf/printf.c         0x00000000   Number         0  printf1.o ABSOLUTE
    ../clib/microlib/printf/printf.c         0x00000000   Number         0  printfa.o ABSOLUTE
    ../clib/microlib/printf/printf.c         0x00000000   Number         0  printf4.o ABSOLUTE
    ../clib/microlib/printf/stubs.s          0x00000000   Number         0  stubs.o ABSOLUTE
    ../clib/microlib/stdio/fputc.c           0x00000000   Number         0  fputc.o ABSOLUTE
    ../clib/microlib/stdio/semi.s            0x00000000   Number         0  semi.o ABSOLUTE
    ../clib/microlib/stdio/streams.c         0x00000000   Number         0  stdout.o ABSOLUTE
    ../clib/microlib/string/memcpy.c         0x00000000   Number         0  memcpyb.o ABSOLUTE
    ../clib/microlib/string/memcpy.c         0x00000000   Number         0  memcpya.o ABSOLUTE
    ../clib/microlib/string/memset.c         0x00000000   Number         0  memseta.o ABSOLUTE
    ../clib/microlib/string/strlen.c         0x00000000   Number         0  strlen.o ABSOLUTE
    ../clib/microlib/stubs.s                 0x00000000   Number         0  iusefp.o ABSOLUTE
    ../clib/microlib/stubs.s                 0x00000000   Number         0  iusesemip.o ABSOLUTE
    ../fplib/microlib/fpadd.c                0x00000000   Number         0  dadd.o ABSOLUTE
    ../fplib/microlib/fpdiv.c                0x00000000   Number         0  ddiv.o ABSOLUTE
    ../fplib/microlib/fpepilogue.c           0x00000000   Number         0  depilogue.o ABSOLUTE
    ../fplib/microlib/fpfix.c                0x00000000   Number         0  dfixul.o ABSOLUTE
    ../fplib/microlib/fpmul.c                0x00000000   Number         0  dmul.o ABSOLUTE
    ..\Drivers\CMSIS\Device\ST\STM32F1xx\Source\Templates\system_stm32f1xx.c 0x00000000   Number         0  system_stm32f1xx.o ABSOLUTE
    ..\Drivers\STM32F1xx_HAL_Driver\Src\stm32f1xx_hal.c 0x00000000   Number         0  stm32f1xx_hal.o ABSOLUTE
    ..\Drivers\STM32F1xx_HAL_Driver\Src\stm32f1xx_hal_cortex.c 0x00000000   Number         0  stm32f1xx_hal_cortex.o ABSOLUTE
    ..\Drivers\STM32F1xx_HAL_Driver\Src\stm32f1xx_hal_dma.c 0x00000000   Number         0  stm32f1xx_hal_dma.o ABSOLUTE
    ..\Drivers\STM32F1xx_HAL_Driver\Src\stm32f1xx_hal_flash.c 0x00000000   Number         0  stm32f1xx_hal_flash.o ABSOLUTE
    ..\Drivers\STM32F1xx_HAL_Driver\Src\stm32f1xx_hal_flash_ex.c 0x00000000   Number         0  stm32f1xx_hal_flash_ex.o ABSOLUTE
    ..\Drivers\STM32F1xx_HAL_Driver\Src\stm32f1xx_hal_gpio.c 0x00000000   Number         0  stm32f1xx_hal_gpio.o ABSOLUTE
    ..\Drivers\STM32F1xx_HAL_Driver\Src\stm32f1xx_hal_pcd.c 0x00000000   Number         0  stm32f1xx_hal_pcd.o ABSOLUTE
    ..\Drivers\STM32F1xx_HAL_Driver\Src\stm32f1xx_hal_pcd_ex.c 0x00000000   Number         0  stm32f1xx_hal_pcd_ex.o ABSOLUTE
    ..\Drivers\STM32F1xx_HAL_Driver\Src\stm32f1xx_hal_pwr.c 0x00000000   Number         0  stm32f1xx_hal_pwr.o ABSOLUTE
    ..\Drivers\STM32F1xx_HAL_Driver\Src\stm32f1xx_hal_rcc.c 0x00000000   Number         0  stm32f1xx_hal_rcc.o ABSOLUTE
    ..\Drivers\STM32F1xx_HAL_Driver\Src\stm32f1xx_hal_rcc_ex.c 0x00000000   Number         0  stm32f1xx_hal_rcc_ex.o ABSOLUTE
    ..\Drivers\STM32F1xx_HAL_Driver\Src\stm32f1xx_hal_spi.c 0x00000000   Number         0  stm32f1xx_hal_spi.o ABSOLUTE
    ..\Drivers\STM32F1xx_HAL_Driver\Src\stm32f1xx_hal_spi_ex.c 0x00000000   Number         0  stm32f1xx_hal_spi_ex.o ABSOLUTE
    ..\Drivers\STM32F1xx_HAL_Driver\Src\stm32f1xx_hal_tim.c 0x00000000   Number         0  stm32f1xx_hal_tim.o ABSOLUTE
    ..\Drivers\STM32F1xx_HAL_Driver\Src\stm32f1xx_hal_tim_ex.c 0x00000000   Number         0  stm32f1xx_hal_tim_ex.o ABSOLUTE
    ..\Drivers\STM32F1xx_HAL_Driver\Src\stm32f1xx_ll_usb.c 0x00000000   Number         0  stm32f1xx_ll_usb.o ABSOLUTE
    ..\Middlewares\ST\STM32_USB_Device_Library\Class\CDC\Src\usbd_cdc.c 0x00000000   Number         0  usbd_cdc.o ABSOLUTE
    ..\Middlewares\ST\STM32_USB_Device_Library\Core\Src\usbd_core.c 0x00000000   Number         0  usbd_core.o ABSOLUTE
    ..\Middlewares\ST\STM32_USB_Device_Library\Core\Src\usbd_ctlreq.c 0x00000000   Number         0  usbd_ctlreq.o ABSOLUTE
    ..\Middlewares\ST\STM32_USB_Device_Library\Core\Src\usbd_ioreq.c 0x00000000   Number         0  usbd_ioreq.o ABSOLUTE
    ..\Src\main.c                            0x00000000   Number         0  main.o ABSOLUTE
    ..\Src\nrf24l01\nrf24l01.c               0x00000000   Number         0  nrf24l01.o ABSOLUTE
    ..\Src\stm32f1xx_hal_msp.c               0x00000000   Number         0  stm32f1xx_hal_msp.o ABSOLUTE
    ..\Src\stm32f1xx_it.c                    0x00000000   Number         0  stm32f1xx_it.o ABSOLUTE
    ..\Src\usb_device.c                      0x00000000   Number         0  usb_device.o ABSOLUTE
    ..\Src\usbd_cdc_if.c                     0x00000000   Number         0  usbd_cdc_if.o ABSOLUTE
    ..\Src\usbd_conf.c                       0x00000000   Number         0  usbd_conf.o ABSOLUTE
    ..\Src\usbd_desc.c                       0x00000000   Number         0  usbd_desc.o ABSOLUTE
    ..\\Src\\nrf24l01\\nrf24l01.c            0x00000000   Number         0  nrf24l01.o ABSOLUTE
    cdrcmple.s                               0x00000000   Number         0  cdrcmple.o ABSOLUTE
    dc.s                                     0x00000000   Number         0  dc.o ABSOLUTE
    handlers.s                               0x00000000   Number         0  handlers.o ABSOLUTE
    init.s                                   0x00000000   Number         0  init.o ABSOLUTE
    startup_stm32f103xb.s                    0x00000000   Number         0  startup_stm32f103xb.o ABSOLUTE
    RESET                                    0x08000000   Section      236  startup_stm32f103xb.o(RESET)
    .ARM.Collect$$$$00000000                 0x080000ec   Section        0  entry.o(.ARM.Collect$$$$00000000)
    .ARM.Collect$$$$00000001                 0x080000ec   Section        4  entry2.o(.ARM.Collect$$$$00000001)
    .ARM.Collect$$$$00000004                 0x080000f0   Section        4  entry5.o(.ARM.Collect$$$$00000004)
    .ARM.Collect$$$$00000008                 0x080000f4   Section        0  entry7b.o(.ARM.Collect$$$$00000008)
    .ARM.Collect$$$$0000000A                 0x080000f4   Section        0  entry8b.o(.ARM.Collect$$$$0000000A)
    .ARM.Collect$$$$0000000B                 0x080000f4   Section        8  entry9a.o(.ARM.Collect$$$$0000000B)
    .ARM.Collect$$$$0000000D                 0x080000fc   Section        0  entry10a.o(.ARM.Collect$$$$0000000D)
    .ARM.Collect$$$$0000000F                 0x080000fc   Section        0  entry11a.o(.ARM.Collect$$$$0000000F)
    .ARM.Collect$$$$00002712                 0x080000fc   Section        4  entry2.o(.ARM.Collect$$$$00002712)
    __lit__00000000                          0x080000fc   Data           4  entry2.o(.ARM.Collect$$$$00002712)
    .text                                    0x08000100   Section       36  startup_stm32f103xb.o(.text)
    .text                                    0x08000124   Section        0  memcpya.o(.text)
    .text                                    0x08000148   Section        0  memseta.o(.text)
    .text                                    0x0800016c   Section        0  strlen.o(.text)
    .text                                    0x0800017a   Section        0  uidiv.o(.text)
    .text                                    0x080001a8   Section       36  init.o(.text)
    .text                                    0x080001cc   Section        0  __dczerorl2.o(.text)
    i.BusFault_Handler                       0x08000222   Section        0  stm32f1xx_it.o(i.BusFault_Handler)
    i.CDC_Control_FS                         0x08000224   Section        0  usbd_cdc_if.o(i.CDC_Control_FS)
    CDC_Control_FS                           0x08000225   Thumb Code    48  usbd_cdc_if.o(i.CDC_Control_FS)
    i.CDC_DeInit_FS                          0x08000258   Section        0  usbd_cdc_if.o(i.CDC_DeInit_FS)
    CDC_DeInit_FS                            0x08000259   Thumb Code     4  usbd_cdc_if.o(i.CDC_DeInit_FS)
    i.CDC_Init_FS                            0x0800025c   Section        0  usbd_cdc_if.o(i.CDC_Init_FS)
    CDC_Init_FS                              0x0800025d   Thumb Code    28  usbd_cdc_if.o(i.CDC_Init_FS)
    i.CDC_Receive_FS                         0x08000288   Section        0  usbd_cdc_if.o(i.CDC_Receive_FS)
    CDC_Receive_FS                           0x08000289   Thumb Code    60  usbd_cdc_if.o(i.CDC_Receive_FS)
    i.CDC_Transmit_FS                        0x080002cc   Section        0  usbd_cdc_if.o(i.CDC_Transmit_FS)
    i.DebugMon_Handler                       0x080002fc   Section        0  stm32f1xx_it.o(i.DebugMon_Handler)
    i.HAL_Delay                              0x080002fe   Section        0  stm32f1xx_hal.o(i.HAL_Delay)
    i.HAL_GPIO_Init                          0x08000314   Section        0  stm32f1xx_hal_gpio.o(i.HAL_GPIO_Init)
    i.HAL_GPIO_WritePin                      0x080004d0   Section        0  stm32f1xx_hal_gpio.o(i.HAL_GPIO_WritePin)
    i.HAL_GetTick                            0x080004dc   Section        0  stm32f1xx_hal.o(i.HAL_GetTick)
    i.HAL_IncTick                            0x080004e8   Section        0  stm32f1xx_hal.o(i.HAL_IncTick)
    i.HAL_Init                               0x080004f8   Section        0  stm32f1xx_hal.o(i.HAL_Init)
    i.HAL_InitTick                           0x0800051c   Section        0  stm32f1xx_hal.o(i.HAL_InitTick)
    i.HAL_MspInit                            0x08000540   Section        0  stm32f1xx_hal_msp.o(i.HAL_MspInit)
    i.HAL_NVIC_EnableIRQ                     0x080005ac   Section        0  stm32f1xx_hal_cortex.o(i.HAL_NVIC_EnableIRQ)
    i.HAL_NVIC_SetPriority                   0x080005c4   Section        0  stm32f1xx_hal_cortex.o(i.HAL_NVIC_SetPriority)
    i.HAL_NVIC_SetPriorityGrouping           0x08000604   Section        0  stm32f1xx_hal_cortex.o(i.HAL_NVIC_SetPriorityGrouping)
    i.HAL_PCDEx_PMAConfig                    0x08000628   Section        0  stm32f1xx_hal_pcd_ex.o(i.HAL_PCDEx_PMAConfig)
    i.HAL_PCDEx_SetConnectionState           0x0800065c   Section        0  usbd_conf.o(i.HAL_PCDEx_SetConnectionState)
    i.HAL_PCD_DataInStageCallback            0x0800065e   Section        0  usbd_conf.o(i.HAL_PCD_DataInStageCallback)
    i.HAL_PCD_DataOutStageCallback           0x0800066c   Section        0  usbd_conf.o(i.HAL_PCD_DataOutStageCallback)
    i.HAL_PCD_EP_Close                       0x0800067c   Section        0  stm32f1xx_hal_pcd.o(i.HAL_PCD_EP_Close)
    i.HAL_PCD_EP_ClrStall                    0x080006bc   Section        0  stm32f1xx_hal_pcd.o(i.HAL_PCD_EP_ClrStall)
    i.HAL_PCD_EP_GetRxCount                  0x08000704   Section        0  stm32f1xx_hal_pcd.o(i.HAL_PCD_EP_GetRxCount)
    i.HAL_PCD_EP_Open                        0x08000714   Section        0  stm32f1xx_hal_pcd.o(i.HAL_PCD_EP_Open)
    i.HAL_PCD_EP_Receive                     0x08000758   Section        0  stm32f1xx_hal_pcd.o(i.HAL_PCD_EP_Receive)
    i.HAL_PCD_EP_SetStall                    0x08000798   Section        0  stm32f1xx_hal_pcd.o(i.HAL_PCD_EP_SetStall)
    i.HAL_PCD_EP_Transmit                    0x080007ee   Section        0  stm32f1xx_hal_pcd.o(i.HAL_PCD_EP_Transmit)
    i.HAL_PCD_IRQHandler                     0x0800082c   Section        0  stm32f1xx_hal_pcd.o(i.HAL_PCD_IRQHandler)
    i.HAL_PCD_Init                           0x08000938   Section        0  stm32f1xx_hal_pcd.o(i.HAL_PCD_Init)
    i.HAL_PCD_MspInit                        0x080009f8   Section        0  usbd_conf.o(i.HAL_PCD_MspInit)
    i.HAL_PCD_ResetCallback                  0x08000a34   Section        0  usbd_conf.o(i.HAL_PCD_ResetCallback)
    i.HAL_PCD_ResumeCallback                 0x08000a4e   Section        0  usbd_conf.o(i.HAL_PCD_ResumeCallback)
    i.HAL_PCD_SOFCallback                    0x08000a56   Section        0  usbd_conf.o(i.HAL_PCD_SOFCallback)
    i.HAL_PCD_SetAddress                     0x08000a5e   Section        0  stm32f1xx_hal_pcd.o(i.HAL_PCD_SetAddress)
    i.HAL_PCD_SetupStageCallback             0x08000a86   Section        0  usbd_conf.o(i.HAL_PCD_SetupStageCallback)
    i.HAL_PCD_Start                          0x08000a94   Section        0  stm32f1xx_hal_pcd.o(i.HAL_PCD_Start)
    i.HAL_PCD_SuspendCallback                0x08000ac8   Section        0  usbd_conf.o(i.HAL_PCD_SuspendCallback)
    i.HAL_RCC_ClockConfig                    0x08000aec   Section        0  stm32f1xx_hal_rcc.o(i.HAL_RCC_ClockConfig)
    i.HAL_RCC_GetHCLKFreq                    0x08000d74   Section        0  stm32f1xx_hal_rcc.o(i.HAL_RCC_GetHCLKFreq)
    i.HAL_RCC_GetSysClockFreq                0x08000da8   Section        0  stm32f1xx_hal_rcc.o(i.HAL_RCC_GetSysClockFreq)
    i.HAL_RCC_OscConfig                      0x08000e30   Section        0  stm32f1xx_hal_rcc.o(i.HAL_RCC_OscConfig)
    i.HAL_SPI_Init                           0x08001464   Section        0  stm32f1xx_hal_spi_ex.o(i.HAL_SPI_Init)
    i.HAL_SPI_MspInit                        0x080014ec   Section        0  stm32f1xx_hal_msp.o(i.HAL_SPI_MspInit)
    i.HAL_SPI_Transmit                       0x08001544   Section        0  stm32f1xx_hal_spi.o(i.HAL_SPI_Transmit)
    i.HAL_SPI_TransmitReceive                0x0800168a   Section        0  stm32f1xx_hal_spi.o(i.HAL_SPI_TransmitReceive)
    i.HAL_SYSTICK_CLKSourceConfig            0x0800193c   Section        0  stm32f1xx_hal_cortex.o(i.HAL_SYSTICK_CLKSourceConfig)
    i.HAL_SYSTICK_Callback                   0x08001954   Section        0  stm32f1xx_hal_cortex.o(i.HAL_SYSTICK_Callback)
    i.HAL_SYSTICK_Config                     0x08001956   Section        0  stm32f1xx_hal_cortex.o(i.HAL_SYSTICK_Config)
    i.HAL_SYSTICK_IRQHandler                 0x0800197e   Section        0  stm32f1xx_hal_cortex.o(i.HAL_SYSTICK_IRQHandler)
    i.HardFault_Handler                      0x08001986   Section        0  stm32f1xx_it.o(i.HardFault_Handler)
    i.MX_SPI1_Init                           0x08001988   Section        0  main.o(i.MX_SPI1_Init)
    MX_SPI1_Init                             0x08001989   Thumb Code    46  main.o(i.MX_SPI1_Init)
    i.MX_USB_DEVICE_Init                     0x080019c0   Section        0  usb_device.o(i.MX_USB_DEVICE_Init)
    i.MemManage_Handler                      0x080019f8   Section        0  stm32f1xx_it.o(i.MemManage_Handler)
    i.NMI_Handler                            0x080019fa   Section        0  stm32f1xx_it.o(i.NMI_Handler)
    i.NRF24L01_Available                     0x080019fc   Section        0  nrf24l01.o(i.NRF24L01_Available)
    i.NRF24L01_CE_HIGH                       0x08001a2c   Section        0  nrf24l01.o(i.NRF24L01_CE_HIGH)
    i.NRF24L01_CE_LOW                        0x08001a3c   Section        0  nrf24l01.o(i.NRF24L01_CE_LOW)
    i.NRF24L01_CSN_HIGH                      0x08001a4c   Section        0  nrf24l01.o(i.NRF24L01_CSN_HIGH)
    i.NRF24L01_CSN_LOW                       0x08001a5c   Section        0  nrf24l01.o(i.NRF24L01_CSN_LOW)
    i.NRF24L01_ClearInterrupts               0x08001a6c   Section        0  nrf24l01.o(i.NRF24L01_ClearInterrupts)
    i.NRF24L01_FlushRx                       0x08001a74   Section        0  nrf24l01.o(i.NRF24L01_FlushRx)
    i.NRF24L01_FlushTx                       0x08001a98   Section        0  nrf24l01.o(i.NRF24L01_FlushTx)
    i.NRF24L01_GetStatus                     0x08001abc   Section        0  nrf24l01.o(i.NRF24L01_GetStatus)
    i.NRF24L01_Init                          0x08001ae8   Section        0  nrf24l01.o(i.NRF24L01_Init)
    i.NRF24L01_OpenReadingPipe               0x08001be8   Section        0  nrf24l01.o(i.NRF24L01_OpenReadingPipe)
    i.NRF24L01_PowerUpRx                     0x08001c24   Section        0  nrf24l01.o(i.NRF24L01_PowerUpRx)
    i.NRF24L01_Read                          0x08001c44   Section        0  nrf24l01.o(i.NRF24L01_Read)
    i.NRF24L01_ReadRegister                  0x08001cb0   Section        0  nrf24l01.o(i.NRF24L01_ReadRegister)
    i.NRF24L01_SetAutoAck                    0x08001ce4   Section        0  nrf24l01.o(i.NRF24L01_SetAutoAck)
    i.NRF24L01_SetChannel                    0x08001d38   Section        0  nrf24l01.o(i.NRF24L01_SetChannel)
    i.NRF24L01_SetCrcLength                  0x08001d54   Section        0  nrf24l01.o(i.NRF24L01_SetCrcLength)
    i.NRF24L01_SetRF                         0x08001d80   Section        0  nrf24l01.o(i.NRF24L01_SetRF)
    i.NRF24L01_SoftwareReset                 0x08001dc0   Section        0  nrf24l01.o(i.NRF24L01_SoftwareReset)
    i.NRF24L01_SpiInit                       0x08001edc   Section        0  nrf24l01.o(i.NRF24L01_SpiInit)
    i.NRF24L01_StartListening                0x08001f64   Section        0  nrf24l01.o(i.NRF24L01_StartListening)
    i.NRF24L01_TestCarrier                   0x08001f90   Section        0  nrf24l01.o(i.NRF24L01_TestCarrier)
    i.NRF24L01_WriteRegister                 0x08001fa0   Section        0  nrf24l01.o(i.NRF24L01_WriteRegister)
    i.NRF24L01_WriteRegisterMulti            0x08001fcc   Section        0  nrf24l01.o(i.NRF24L01_WriteRegisterMulti)
    i.NVIC_SetPriority                       0x0800201c   Section        0  stm32f1xx_hal_cortex.o(i.NVIC_SetPriority)
    NVIC_SetPriority                         0x0800201d   Thumb Code    32  stm32f1xx_hal_cortex.o(i.NVIC_SetPriority)
    i.PCD_EP_ISR_Handler                     0x0800203c   Section        0  stm32f1xx_hal_pcd.o(i.PCD_EP_ISR_Handler)
    PCD_EP_ISR_Handler                       0x0800203d   Thumb Code   866  stm32f1xx_hal_pcd.o(i.PCD_EP_ISR_Handler)
    i.SPI_WaitOnFlagUntilTimeout             0x0800239e   Section        0  stm32f1xx_hal_spi.o(i.SPI_WaitOnFlagUntilTimeout)
    SPI_WaitOnFlagUntilTimeout               0x0800239f   Thumb Code   158  stm32f1xx_hal_spi.o(i.SPI_WaitOnFlagUntilTimeout)
    i.SysTick_Handler                        0x0800243c   Section        0  stm32f1xx_it.o(i.SysTick_Handler)
    i.SystemClock_Config                     0x0800244a   Section        0  main.o(i.SystemClock_Config)
    i.SystemInit                             0x080024a8   Section        0  system_stm32f1xx.o(i.SystemInit)
    i.USBD_CDC_DataIn                        0x080024f0   Section        0  usbd_cdc.o(i.USBD_CDC_DataIn)
    USBD_CDC_DataIn                          0x080024f1   Thumb Code    20  usbd_cdc.o(i.USBD_CDC_DataIn)
    i.USBD_CDC_DataOut                       0x08002504   Section        0  usbd_cdc.o(i.USBD_CDC_DataOut)
    USBD_CDC_DataOut                         0x08002505   Thumb Code    46  usbd_cdc.o(i.USBD_CDC_DataOut)
    i.USBD_CDC_DeInit                        0x08002532   Section        0  usbd_cdc.o(i.USBD_CDC_DeInit)
    USBD_CDC_DeInit                          0x08002533   Thumb Code    60  usbd_cdc.o(i.USBD_CDC_DeInit)
    i.USBD_CDC_EP0_RxReady                   0x0800256e   Section        0  usbd_cdc.o(i.USBD_CDC_EP0_RxReady)
    USBD_CDC_EP0_RxReady                     0x0800256f   Thumb Code    36  usbd_cdc.o(i.USBD_CDC_EP0_RxReady)
    i.USBD_CDC_GetDeviceQualifierDescriptor  0x08002594   Section        0  usbd_cdc.o(i.USBD_CDC_GetDeviceQualifierDescriptor)
    i.USBD_CDC_GetFSCfgDesc                  0x080025a0   Section        0  usbd_cdc.o(i.USBD_CDC_GetFSCfgDesc)
    USBD_CDC_GetFSCfgDesc                    0x080025a1   Thumb Code     8  usbd_cdc.o(i.USBD_CDC_GetFSCfgDesc)
    i.USBD_CDC_GetHSCfgDesc                  0x080025ac   Section        0  usbd_cdc.o(i.USBD_CDC_GetHSCfgDesc)
    USBD_CDC_GetHSCfgDesc                    0x080025ad   Thumb Code     8  usbd_cdc.o(i.USBD_CDC_GetHSCfgDesc)
    i.USBD_CDC_GetOtherSpeedCfgDesc          0x080025b8   Section        0  usbd_cdc.o(i.USBD_CDC_GetOtherSpeedCfgDesc)
    USBD_CDC_GetOtherSpeedCfgDesc            0x080025b9   Thumb Code     8  usbd_cdc.o(i.USBD_CDC_GetOtherSpeedCfgDesc)
    i.USBD_CDC_Init                          0x080025c4   Section        0  usbd_cdc.o(i.USBD_CDC_Init)
    USBD_CDC_Init                            0x080025c5   Thumb Code   136  usbd_cdc.o(i.USBD_CDC_Init)
    i.USBD_CDC_RegisterInterface             0x0800264c   Section        0  usbd_cdc.o(i.USBD_CDC_RegisterInterface)
    i.USBD_CDC_SetRxBuffer                   0x0800265c   Section        0  usbd_cdc.o(i.USBD_CDC_SetRxBuffer)
    i.USBD_CDC_SetTxBuffer                   0x08002668   Section        0  usbd_cdc.o(i.USBD_CDC_SetTxBuffer)
    i.USBD_CDC_Setup                         0x08002678   Section        0  usbd_cdc.o(i.USBD_CDC_Setup)
    USBD_CDC_Setup                           0x08002679   Thumb Code   106  usbd_cdc.o(i.USBD_CDC_Setup)
    i.USBD_CDC_TransmitPacket                0x080026e8   Section        0  usbd_cdc.o(i.USBD_CDC_TransmitPacket)
    i.USBD_ClrClassConfig                    0x08002718   Section        0  usbd_core.o(i.USBD_ClrClassConfig)
    i.USBD_CtlContinueRx                     0x08002726   Section        0  usbd_ioreq.o(i.USBD_CtlContinueRx)
    i.USBD_CtlContinueSendData               0x08002736   Section        0  usbd_ioreq.o(i.USBD_CtlContinueSendData)
    i.USBD_CtlError                          0x08002746   Section        0  usbd_ctlreq.o(i.USBD_CtlError)
    i.USBD_CtlPrepareRx                      0x0800275c   Section        0  usbd_ioreq.o(i.USBD_CtlPrepareRx)
    i.USBD_CtlReceiveStatus                  0x0800277a   Section        0  usbd_ioreq.o(i.USBD_CtlReceiveStatus)
    i.USBD_CtlSendData                       0x08002790   Section        0  usbd_ioreq.o(i.USBD_CtlSendData)
    i.USBD_CtlSendStatus                     0x080027aa   Section        0  usbd_ioreq.o(i.USBD_CtlSendStatus)
    i.USBD_FS_ConfigStrDescriptor            0x080027c0   Section        0  usbd_desc.o(i.USBD_FS_ConfigStrDescriptor)
    i.USBD_FS_DeviceDescriptor               0x080027e0   Section        0  usbd_desc.o(i.USBD_FS_DeviceDescriptor)
    i.USBD_FS_InterfaceStrDescriptor         0x080027ec   Section        0  usbd_desc.o(i.USBD_FS_InterfaceStrDescriptor)
    i.USBD_FS_LangIDStrDescriptor            0x08002810   Section        0  usbd_desc.o(i.USBD_FS_LangIDStrDescriptor)
    i.USBD_FS_ManufacturerStrDescriptor      0x0800281c   Section        0  usbd_desc.o(i.USBD_FS_ManufacturerStrDescriptor)
    i.USBD_FS_ProductStrDescriptor           0x08002844   Section        0  usbd_desc.o(i.USBD_FS_ProductStrDescriptor)
    i.USBD_FS_SerialStrDescriptor            0x08002870   Section        0  usbd_desc.o(i.USBD_FS_SerialStrDescriptor)
    i.USBD_GetDescriptor                     0x08002894   Section        0  usbd_ctlreq.o(i.USBD_GetDescriptor)
    USBD_GetDescriptor                       0x08002895   Thumb Code   224  usbd_ctlreq.o(i.USBD_GetDescriptor)
    i.USBD_GetString                         0x08002974   Section        0  usbd_ctlreq.o(i.USBD_GetString)
    i.USBD_Init                              0x080029ba   Section        0  usbd_core.o(i.USBD_Init)
    i.USBD_LL_ClearStallEP                   0x080029e4   Section        0  usbd_conf.o(i.USBD_LL_ClearStallEP)
    i.USBD_LL_CloseEP                        0x080029f2   Section        0  usbd_conf.o(i.USBD_LL_CloseEP)
    i.USBD_LL_DataInStage                    0x08002a00   Section        0  usbd_core.o(i.USBD_LL_DataInStage)
    i.USBD_LL_DataOutStage                   0x08002aaa   Section        0  usbd_core.o(i.USBD_LL_DataOutStage)
    i.USBD_LL_GetRxDataSize                  0x08002b14   Section        0  usbd_conf.o(i.USBD_LL_GetRxDataSize)
    i.USBD_LL_Init                           0x08002b1c   Section        0  usbd_conf.o(i.USBD_LL_Init)
    i.USBD_LL_IsStallEP                      0x08002b98   Section        0  usbd_conf.o(i.USBD_LL_IsStallEP)
    i.USBD_LL_OpenEP                         0x08002bb4   Section        0  usbd_conf.o(i.USBD_LL_OpenEP)
    i.USBD_LL_PrepareReceive                 0x08002bc8   Section        0  usbd_conf.o(i.USBD_LL_PrepareReceive)
    i.USBD_LL_Reset                          0x08002bd6   Section        0  usbd_core.o(i.USBD_LL_Reset)
    i.USBD_LL_Resume                         0x08002c14   Section        0  usbd_core.o(i.USBD_LL_Resume)
    i.USBD_LL_SOF                            0x08002c20   Section        0  usbd_core.o(i.USBD_LL_SOF)
    i.USBD_LL_SetSpeed                       0x08002c38   Section        0  usbd_core.o(i.USBD_LL_SetSpeed)
    i.USBD_LL_SetUSBAddress                  0x08002c3e   Section        0  usbd_conf.o(i.USBD_LL_SetUSBAddress)
    i.USBD_LL_SetupStage                     0x08002c4c   Section        0  usbd_core.o(i.USBD_LL_SetupStage)
    i.USBD_LL_StallEP                        0x08002ca6   Section        0  usbd_conf.o(i.USBD_LL_StallEP)
    i.USBD_LL_Start                          0x08002cb4   Section        0  usbd_conf.o(i.USBD_LL_Start)
    i.USBD_LL_Suspend                        0x08002cc2   Section        0  usbd_core.o(i.USBD_LL_Suspend)
    i.USBD_LL_Transmit                       0x08002cd4   Section        0  usbd_conf.o(i.USBD_LL_Transmit)
    i.USBD_ParseSetupRequest                 0x08002ce2   Section        0  usbd_ctlreq.o(i.USBD_ParseSetupRequest)
    i.USBD_RegisterClass                     0x08002d0a   Section        0  usbd_core.o(i.USBD_RegisterClass)
    i.USBD_SetClassConfig                    0x08002d1a   Section        0  usbd_core.o(i.USBD_SetClassConfig)
    i.USBD_SetConfig                         0x08002d30   Section        0  usbd_ctlreq.o(i.USBD_SetConfig)
    USBD_SetConfig                           0x08002d31   Thumb Code   110  usbd_ctlreq.o(i.USBD_SetConfig)
    i.USBD_Start                             0x08002da4   Section        0  usbd_core.o(i.USBD_Start)
    i.USBD_StdDevReq                         0x08002dae   Section        0  usbd_ctlreq.o(i.USBD_StdDevReq)
    i.USBD_StdEPReq                          0x08002ea0   Section        0  usbd_ctlreq.o(i.USBD_StdEPReq)
    i.USBD_StdItfReq                         0x08002f7c   Section        0  usbd_ctlreq.o(i.USBD_StdItfReq)
    i.USBD_static_free                       0x08002fb0   Section        0  usbd_conf.o(i.USBD_static_free)
    i.USBD_static_malloc                     0x08002fb4   Section        0  usbd_conf.o(i.USBD_static_malloc)
    i.USB_ActivateEndpoint                   0x08002fbc   Section        0  stm32f1xx_ll_usb.o(i.USB_ActivateEndpoint)
    i.USB_CoreInit                           0x08003218   Section        0  stm32f1xx_ll_usb.o(i.USB_CoreInit)
    i.USB_DeactivateEndpoint                 0x0800321c   Section        0  stm32f1xx_ll_usb.o(i.USB_DeactivateEndpoint)
    i.USB_DevConnect                         0x08003340   Section        0  stm32f1xx_ll_usb.o(i.USB_DevConnect)
    i.USB_DevDisconnect                      0x08003344   Section        0  stm32f1xx_ll_usb.o(i.USB_DevDisconnect)
    i.USB_DevInit                            0x08003348   Section        0  stm32f1xx_ll_usb.o(i.USB_DevInit)
    i.USB_DisableGlobalInt                   0x0800335a   Section        0  stm32f1xx_ll_usb.o(i.USB_DisableGlobalInt)
    i.USB_EP0_OutStart                       0x08003368   Section        0  stm32f1xx_ll_usb.o(i.USB_EP0_OutStart)
    i.USB_EPClearStall                       0x0800336c   Section        0  stm32f1xx_ll_usb.o(i.USB_EPClearStall)
    i.USB_EPSetStall                         0x080033d6   Section        0  stm32f1xx_ll_usb.o(i.USB_EPSetStall)
    i.USB_EPStartXfer                        0x08003420   Section        0  stm32f1xx_ll_usb.o(i.USB_EPStartXfer)
    i.USB_EnableGlobalInt                    0x080035ca   Section        0  stm32f1xx_ll_usb.o(i.USB_EnableGlobalInt)
    i.USB_LP_CAN1_RX0_IRQHandler             0x080035d8   Section        0  stm32f1xx_it.o(i.USB_LP_CAN1_RX0_IRQHandler)
    i.USB_ReadInterrupts                     0x080035e4   Section        0  stm32f1xx_ll_usb.o(i.USB_ReadInterrupts)
    i.USB_ReadPMA                            0x080035ec   Section        0  stm32f1xx_ll_usb.o(i.USB_ReadPMA)
    i.USB_SetCurrentMode                     0x0800360a   Section        0  stm32f1xx_ll_usb.o(i.USB_SetCurrentMode)
    i.USB_SetDevAddress                      0x0800360e   Section        0  stm32f1xx_ll_usb.o(i.USB_SetDevAddress)
    i.USB_WritePMA                           0x0800361a   Section        0  stm32f1xx_ll_usb.o(i.USB_WritePMA)
    i.UsageFault_Handler                     0x08003640   Section        0  stm32f1xx_it.o(i.UsageFault_Handler)
    i.__0snprintf$1                          0x08003644   Section        0  printf1.o(i.__0snprintf$1)
    i.__scatterload_copy                     0x0800366c   Section       14  handlers.o(i.__scatterload_copy)
    i.__scatterload_null                     0x0800367a   Section        2  handlers.o(i.__scatterload_null)
    i.__scatterload_zeroinit                 0x0800367c   Section       14  handlers.o(i.__scatterload_zeroinit)
    i._printf_core                           0x0800368c   Section        0  printf1.o(i._printf_core)
    _printf_core                             0x0800368d   Thumb Code   336  printf1.o(i._printf_core)
    i._snputc                                0x080037e0   Section        0  printf1.o(i._snputc)
    _snputc                                  0x080037e1   Thumb Code    22  printf1.o(i._snputc)
    i.free                                   0x080037f8   Section        0  malloc.o(i.free)
    i.main                                   0x08003848   Section        0  main.o(i.main)
    i.malloc                                 0x080039b4   Section        0  malloc.o(i.malloc)
    .constdata                               0x08003a20   Section       16  stm32f1xx_hal_rcc.o(.constdata)
    .data                                    0x20000000   Section        4  stm32f1xx_hal.o(.data)
    uwTick                                   0x20000000   Data           4  stm32f1xx_hal.o(.data)
    .data                                    0x20000004   Section        1  stm32f1xx_hal_spi_ex.o(.data)
    .data                                    0x20000008   Section        4  system_stm32f1xx.o(.data)
    .data                                    0x2000000c   Section       28  usbd_desc.o(.data)
    .data                                    0x20000028   Section       22  usbd_desc.o(.data)
    .data                                    0x2000003e   Section        5  main.o(.data)
    .data                                    0x20000044   Section       20  usbd_cdc_if.o(.data)
    .data                                    0x20000058   Section       16  usbd_cdc_if.o(.data)
    .data                                    0x20000068   Section       16  nrf24l01.o(.data)
    NRF24L01_Struct                          0x20000070   Data           8  nrf24l01.o(.data)
    .data                                    0x20000078   Section        1  usbd_ctlreq.o(.data)
    cfgidx                                   0x20000078   Data           1  usbd_ctlreq.o(.data)
    .data                                    0x2000007c   Section      219  usbd_cdc.o(.data)
    ifalt                                    0x2000007c   Data           1  usbd_cdc.o(.data)
    USBD_CDC_DeviceQualifierDesc             0x20000080   Data          10  usbd_cdc.o(.data)
    .data                                    0x20000158   Section       56  usbd_cdc.o(.data)
    .data                                    0x20000190   Section        4  mvars.o(.data)
    .data                                    0x20000194   Section        4  mvars.o(.data)
    .bss                                     0x20000198   Section     1600  usbd_conf.o(.bss)
    mem                                      0x20000198   Data         544  usbd_conf.o(.bss)
    .bss                                     0x200007d8   Section      512  usbd_desc.o(.bss)
    .bss                                     0x200009d8   Section      119  main.o(.bss)
    .bss                                     0x20000a50   Section      548  usb_device.o(.bss)
    .bss                                     0x20000c74   Section     2048  usbd_cdc_if.o(.bss)
    .bss                                     0x20001474   Section       48  nrf24l01.o(.bss)
    NRF24L01_Pins                            0x20001474   Data          48  nrf24l01.o(.bss)
    HEAP                                     0x200014a8   Section      512  startup_stm32f103xb.o(HEAP)
    STACK                                    0x200016a8   Section     1024  startup_stm32f103xb.o(STACK)

    Global Symbols

    Symbol Name                              Value     Ov Type        Size  Object(Section)

    BuildAttributes$$THM_ISAv4$P$D$K$B$S$PE$A:L22UL41UL21$X:L11$S22US41US21$IEEE1$IW$USESV6$~STKCKD$USESV7$~SHL$OSPACE$ROPI$EBA8$MICROLIB$REQ8$PRES8$EABIv2 0x00000000   Number         0  anon$$obj.o ABSOLUTE
    __ARM_use_no_argv                        0x00000000   Number         0  main.o ABSOLUTE
    _printf_a                                0x00000000   Number         0  stubs.o ABSOLUTE
    _printf_c                                0x00000000   Number         0  stubs.o ABSOLUTE
    _printf_charcount                        0x00000000   Number         0  stubs.o ABSOLUTE
    _printf_d                                0x00000000   Number         0  stubs.o ABSOLUTE
    _printf_e                                0x00000000   Number         0  stubs.o ABSOLUTE
    _printf_f                                0x00000000   Number         0  stubs.o ABSOLUTE
    _printf_flags                            0x00000000   Number         0  stubs.o ABSOLUTE
    _printf_fp_dec                           0x00000000   Number         0  stubs.o ABSOLUTE
    _printf_fp_hex                           0x00000000   Number         0  stubs.o ABSOLUTE
    _printf_g                                0x00000000   Number         0  stubs.o ABSOLUTE
    _printf_i                                0x00000000   Number         0  stubs.o ABSOLUTE
    _printf_int_dec                          0x00000000   Number         0  stubs.o ABSOLUTE
    _printf_l                                0x00000000   Number         0  stubs.o ABSOLUTE
    _printf_lc                               0x00000000   Number         0  stubs.o ABSOLUTE
    _printf_ll                               0x00000000   Number         0  stubs.o ABSOLUTE
    _printf_lld                              0x00000000   Number         0  stubs.o ABSOLUTE
    _printf_lli                              0x00000000   Number         0  stubs.o ABSOLUTE
    _printf_llo                              0x00000000   Number         0  stubs.o ABSOLUTE
    _printf_llu                              0x00000000   Number         0  stubs.o ABSOLUTE
    _printf_llx                              0x00000000   Number         0  stubs.o ABSOLUTE
    _printf_longlong_dec                     0x00000000   Number         0  stubs.o ABSOLUTE
    _printf_longlong_hex                     0x00000000   Number         0  stubs.o ABSOLUTE
    _printf_longlong_oct                     0x00000000   Number         0  stubs.o ABSOLUTE
    _printf_ls                               0x00000000   Number         0  stubs.o ABSOLUTE
    _printf_mbtowc                           0x00000000   Number         0  stubs.o ABSOLUTE
    _printf_n                                0x00000000   Number         0  stubs.o ABSOLUTE
    _printf_o                                0x00000000   Number         0  stubs.o ABSOLUTE
    _printf_p                                0x00000000   Number         0  stubs.o ABSOLUTE
    _printf_percent                          0x00000000   Number         0  stubs.o ABSOLUTE
    _printf_pre_padding                      0x00000000   Number         0  stubs.o ABSOLUTE
    _printf_return_value                     0x00000000   Number         0  stubs.o ABSOLUTE
    _printf_s                                0x00000000   Number         0  stubs.o ABSOLUTE
    _printf_sizespec                         0x00000000   Number         0  stubs.o ABSOLUTE
    _printf_str                              0x00000000   Number         0  stubs.o ABSOLUTE
    _printf_truncate_signed                  0x00000000   Number         0  stubs.o ABSOLUTE
    _printf_truncate_unsigned                0x00000000   Number         0  stubs.o ABSOLUTE
    _printf_u                                0x00000000   Number         0  stubs.o ABSOLUTE
    _printf_wc                               0x00000000   Number         0  stubs.o ABSOLUTE
    _printf_wctomb                           0x00000000   Number         0  stubs.o ABSOLUTE
    _printf_widthprec                        0x00000000   Number         0  stubs.o ABSOLUTE
    _printf_x                                0x00000000   Number         0  stubs.o ABSOLUTE
    __cpp_initialize__aeabi_                  - Undefined Weak Reference
    __cxa_finalize                            - Undefined Weak Reference
    _clock_init                               - Undefined Weak Reference
    _microlib_exit                            - Undefined Weak Reference
    __Vectors_Size                           0x000000ec   Number         0  startup_stm32f103xb.o ABSOLUTE
    __Vectors                                0x08000000   Data           4  startup_stm32f103xb.o(RESET)
    __Vectors_End                            0x080000ec   Data           0  startup_stm32f103xb.o(RESET)
    __main                                   0x080000ed   Thumb Code     0  entry.o(.ARM.Collect$$$$00000000)
    _main_stk                                0x080000ed   Thumb Code     0  entry2.o(.ARM.Collect$$$$00000001)
    _main_scatterload                        0x080000f1   Thumb Code     0  entry5.o(.ARM.Collect$$$$00000004)
    __main_after_scatterload                 0x080000f5   Thumb Code     0  entry5.o(.ARM.Collect$$$$00000004)
    _main_clock                              0x080000f5   Thumb Code     0  entry7b.o(.ARM.Collect$$$$00000008)
    _main_cpp_init                           0x080000f5   Thumb Code     0  entry8b.o(.ARM.Collect$$$$0000000A)
    _main_init                               0x080000f5   Thumb Code     0  entry9a.o(.ARM.Collect$$$$0000000B)
    __rt_final_cpp                           0x080000fd   Thumb Code     0  entry10a.o(.ARM.Collect$$$$0000000D)
    __rt_final_exit                          0x080000fd   Thumb Code     0  entry11a.o(.ARM.Collect$$$$0000000F)
    Reset_Handler                            0x08000101   Thumb Code     8  startup_stm32f103xb.o(.text)
    SVC_Handler                              0x08000113   Thumb Code     2  startup_stm32f103xb.o(.text)
    PendSV_Handler                           0x08000117   Thumb Code     2  startup_stm32f103xb.o(.text)
    ADC1_2_IRQHandler                        0x0800011b   Thumb Code     0  startup_stm32f103xb.o(.text)
    CAN1_RX1_IRQHandler                      0x0800011b   Thumb Code     0  startup_stm32f103xb.o(.text)
    CAN1_SCE_IRQHandler                      0x0800011b   Thumb Code     0  startup_stm32f103xb.o(.text)
    DMA1_Channel1_IRQHandler                 0x0800011b   Thumb Code     0  startup_stm32f103xb.o(.text)
    DMA1_Channel2_IRQHandler                 0x0800011b   Thumb Code     0  startup_stm32f103xb.o(.text)
    DMA1_Channel3_IRQHandler                 0x0800011b   Thumb Code     0  startup_stm32f103xb.o(.text)
    DMA1_Channel4_IRQHandler                 0x0800011b   Thumb Code     0  startup_stm32f103xb.o(.text)
    DMA1_Channel5_IRQHandler                 0x0800011b   Thumb Code     0  startup_stm32f103xb.o(.text)
    DMA1_Channel6_IRQHandler                 0x0800011b   Thumb Code     0  startup_stm32f103xb.o(.text)
    DMA1_Channel7_IRQHandler                 0x0800011b   Thumb Code     0  startup_stm32f103xb.o(.text)
    EXTI0_IRQHandler                         0x0800011b   Thumb Code     0  startup_stm32f103xb.o(.text)
    EXTI15_10_IRQHandler                     0x0800011b   Thumb Code     0  startup_stm32f103xb.o(.text)
    EXTI1_IRQHandler                         0x0800011b   Thumb Code     0  startup_stm32f103xb.o(.text)
    EXTI2_IRQHandler                         0x0800011b   Thumb Code     0  startup_stm32f103xb.o(.text)
    EXTI3_IRQHandler                         0x0800011b   Thumb Code     0  startup_stm32f103xb.o(.text)
    EXTI4_IRQHandler                         0x0800011b   Thumb Code     0  startup_stm32f103xb.o(.text)
    EXTI9_5_IRQHandler                       0x0800011b   Thumb Code     0  startup_stm32f103xb.o(.text)
    FLASH_IRQHandler                         0x0800011b   Thumb Code     0  startup_stm32f103xb.o(.text)
    I2C1_ER_IRQHandler                       0x0800011b   Thumb Code     0  startup_stm32f103xb.o(.text)
    I2C1_EV_IRQHandler                       0x0800011b   Thumb Code     0  startup_stm32f103xb.o(.text)
    I2C2_ER_IRQHandler                       0x0800011b   Thumb Code     0  startup_stm32f103xb.o(.text)
    I2C2_EV_IRQHandler                       0x0800011b   Thumb Code     0  startup_stm32f103xb.o(.text)
    PVD_IRQHandler                           0x0800011b   Thumb Code     0  startup_stm32f103xb.o(.text)
    RCC_IRQHandler                           0x0800011b   Thumb Code     0  startup_stm32f103xb.o(.text)
    RTC_Alarm_IRQHandler                     0x0800011b   Thumb Code     0  startup_stm32f103xb.o(.text)
    RTC_IRQHandler                           0x0800011b   Thumb Code     0  startup_stm32f103xb.o(.text)
    SPI1_IRQHandler                          0x0800011b   Thumb Code     0  startup_stm32f103xb.o(.text)
    SPI2_IRQHandler                          0x0800011b   Thumb Code     0  startup_stm32f103xb.o(.text)
    TAMPER_IRQHandler                        0x0800011b   Thumb Code     0  startup_stm32f103xb.o(.text)
    TIM1_BRK_IRQHandler                      0x0800011b   Thumb Code     0  startup_stm32f103xb.o(.text)
    TIM1_CC_IRQHandler                       0x0800011b   Thumb Code     0  startup_stm32f103xb.o(.text)
    TIM1_TRG_COM_IRQHandler                  0x0800011b   Thumb Code     0  startup_stm32f103xb.o(.text)
    TIM1_UP_IRQHandler                       0x0800011b   Thumb Code     0  startup_stm32f103xb.o(.text)
    TIM2_IRQHandler                          0x0800011b   Thumb Code     0  startup_stm32f103xb.o(.text)
    TIM3_IRQHandler                          0x0800011b   Thumb Code     0  startup_stm32f103xb.o(.text)
    TIM4_IRQHandler                          0x0800011b   Thumb Code     0  startup_stm32f103xb.o(.text)
    USART1_IRQHandler                        0x0800011b   Thumb Code     0  startup_stm32f103xb.o(.text)
    USART2_IRQHandler                        0x0800011b   Thumb Code     0  startup_stm32f103xb.o(.text)
    USART3_IRQHandler                        0x0800011b   Thumb Code     0  startup_stm32f103xb.o(.text)
    USBWakeUp_IRQHandler                     0x0800011b   Thumb Code     0  startup_stm32f103xb.o(.text)
    USB_HP_CAN1_TX_IRQHandler                0x0800011b   Thumb Code     0  startup_stm32f103xb.o(.text)
    WWDG_IRQHandler                          0x0800011b   Thumb Code     0  startup_stm32f103xb.o(.text)
    __aeabi_memcpy                           0x08000125   Thumb Code    36  memcpya.o(.text)
    __aeabi_memcpy4                          0x08000125   Thumb Code     0  memcpya.o(.text)
    __aeabi_memcpy8                          0x08000125   Thumb Code     0  memcpya.o(.text)
    __aeabi_memset                           0x08000149   Thumb Code    14  memseta.o(.text)
    __aeabi_memset4                          0x08000149   Thumb Code     0  memseta.o(.text)
    __aeabi_memset8                          0x08000149   Thumb Code     0  memseta.o(.text)
    __aeabi_memclr                           0x08000157   Thumb Code     4  memseta.o(.text)
    __aeabi_memclr4                          0x08000157   Thumb Code     0  memseta.o(.text)
    __aeabi_memclr8                          0x08000157   Thumb Code     0  memseta.o(.text)
    _memset$wrapper                          0x0800015b   Thumb Code    18  memseta.o(.text)
    strlen                                   0x0800016d   Thumb Code    14  strlen.o(.text)
    __aeabi_uidiv                            0x0800017b   Thumb Code     0  uidiv.o(.text)
    __aeabi_uidivmod                         0x0800017b   Thumb Code    44  uidiv.o(.text)
    __scatterload                            0x080001a9   Thumb Code    28  init.o(.text)
    __scatterload_rt2                        0x080001a9   Thumb Code     0  init.o(.text)
    __decompress                             0x080001cd   Thumb Code     0  __dczerorl2.o(.text)
    __decompress1                            0x080001cd   Thumb Code    86  __dczerorl2.o(.text)
    BusFault_Handler                         0x08000223   Thumb Code     2  stm32f1xx_it.o(i.BusFault_Handler)
    CDC_Transmit_FS                          0x080002cd   Thumb Code    44  usbd_cdc_if.o(i.CDC_Transmit_FS)
    DebugMon_Handler                         0x080002fd   Thumb Code     2  stm32f1xx_it.o(i.DebugMon_Handler)
    HAL_Delay                                0x080002ff   Thumb Code    22  stm32f1xx_hal.o(i.HAL_Delay)
    HAL_GPIO_Init                            0x08000315   Thumb Code   408  stm32f1xx_hal_gpio.o(i.HAL_GPIO_Init)
    HAL_GPIO_WritePin                        0x080004d1   Thumb Code    10  stm32f1xx_hal_gpio.o(i.HAL_GPIO_WritePin)
    HAL_GetTick                              0x080004dd   Thumb Code     6  stm32f1xx_hal.o(i.HAL_GetTick)
    HAL_IncTick                              0x080004e9   Thumb Code    10  stm32f1xx_hal.o(i.HAL_IncTick)
    HAL_Init                                 0x080004f9   Thumb Code    32  stm32f1xx_hal.o(i.HAL_Init)
    HAL_InitTick                             0x0800051d   Thumb Code    34  stm32f1xx_hal.o(i.HAL_InitTick)
    HAL_MspInit                              0x08000541   Thumb Code    98  stm32f1xx_hal_msp.o(i.HAL_MspInit)
    HAL_NVIC_EnableIRQ                       0x080005ad   Thumb Code    22  stm32f1xx_hal_cortex.o(i.HAL_NVIC_EnableIRQ)
    HAL_NVIC_SetPriority                     0x080005c5   Thumb Code    60  stm32f1xx_hal_cortex.o(i.HAL_NVIC_SetPriority)
    HAL_NVIC_SetPriorityGrouping             0x08000605   Thumb Code    26  stm32f1xx_hal_cortex.o(i.HAL_NVIC_SetPriorityGrouping)
    HAL_PCDEx_PMAConfig                      0x08000629   Thumb Code    52  stm32f1xx_hal_pcd_ex.o(i.HAL_PCDEx_PMAConfig)
    HAL_PCDEx_SetConnectionState             0x0800065d   Thumb Code     2  usbd_conf.o(i.HAL_PCDEx_SetConnectionState)
    HAL_PCD_DataInStageCallback              0x0800065f   Thumb Code    14  usbd_conf.o(i.HAL_PCD_DataInStageCallback)
    HAL_PCD_DataOutStageCallback             0x0800066d   Thumb Code    16  usbd_conf.o(i.HAL_PCD_DataOutStageCallback)
    HAL_PCD_EP_Close                         0x0800067d   Thumb Code    64  stm32f1xx_hal_pcd.o(i.HAL_PCD_EP_Close)
    HAL_PCD_EP_ClrStall                      0x080006bd   Thumb Code    72  stm32f1xx_hal_pcd.o(i.HAL_PCD_EP_ClrStall)
    HAL_PCD_EP_GetRxCount                    0x08000705   Thumb Code    16  stm32f1xx_hal_pcd.o(i.HAL_PCD_EP_GetRxCount)
    HAL_PCD_EP_Open                          0x08000715   Thumb Code    68  stm32f1xx_hal_pcd.o(i.HAL_PCD_EP_Open)
    HAL_PCD_EP_Receive                       0x08000759   Thumb Code    64  stm32f1xx_hal_pcd.o(i.HAL_PCD_EP_Receive)
    HAL_PCD_EP_SetStall                      0x08000799   Thumb Code    86  stm32f1xx_hal_pcd.o(i.HAL_PCD_EP_SetStall)
    HAL_PCD_EP_Transmit                      0x080007ef   Thumb Code    62  stm32f1xx_hal_pcd.o(i.HAL_PCD_EP_Transmit)
    HAL_PCD_IRQHandler                       0x0800082d   Thumb Code   266  stm32f1xx_hal_pcd.o(i.HAL_PCD_IRQHandler)
    HAL_PCD_Init                             0x08000939   Thumb Code   192  stm32f1xx_hal_pcd.o(i.HAL_PCD_Init)
    HAL_PCD_MspInit                          0x080009f9   Thumb Code    50  usbd_conf.o(i.HAL_PCD_MspInit)
    HAL_PCD_ResetCallback                    0x08000a35   Thumb Code    26  usbd_conf.o(i.HAL_PCD_ResetCallback)
    HAL_PCD_ResumeCallback                   0x08000a4f   Thumb Code     8  usbd_conf.o(i.HAL_PCD_ResumeCallback)
    HAL_PCD_SOFCallback                      0x08000a57   Thumb Code     8  usbd_conf.o(i.HAL_PCD_SOFCallback)
    HAL_PCD_SetAddress                       0x08000a5f   Thumb Code    40  stm32f1xx_hal_pcd.o(i.HAL_PCD_SetAddress)
    HAL_PCD_SetupStageCallback               0x08000a87   Thumb Code    14  usbd_conf.o(i.HAL_PCD_SetupStageCallback)
    HAL_PCD_Start                            0x08000a95   Thumb Code    50  stm32f1xx_hal_pcd.o(i.HAL_PCD_Start)
    HAL_PCD_SuspendCallback                  0x08000ac9   Thumb Code    30  usbd_conf.o(i.HAL_PCD_SuspendCallback)
    HAL_RCC_ClockConfig                      0x08000aed   Thumb Code   638  stm32f1xx_hal_rcc.o(i.HAL_RCC_ClockConfig)
    HAL_RCC_GetHCLKFreq                      0x08000d75   Thumb Code    38  stm32f1xx_hal_rcc.o(i.HAL_RCC_GetHCLKFreq)
    HAL_RCC_GetSysClockFreq                  0x08000da9   Thumb Code   102  stm32f1xx_hal_rcc.o(i.HAL_RCC_GetSysClockFreq)
    HAL_RCC_OscConfig                        0x08000e31   Thumb Code  1586  stm32f1xx_hal_rcc.o(i.HAL_RCC_OscConfig)
    HAL_SPI_Init                             0x08001465   Thumb Code   132  stm32f1xx_hal_spi_ex.o(i.HAL_SPI_Init)
    HAL_SPI_MspInit                          0x080014ed   Thumb Code    74  stm32f1xx_hal_msp.o(i.HAL_SPI_MspInit)
    HAL_SPI_Transmit                         0x08001545   Thumb Code   326  stm32f1xx_hal_spi.o(i.HAL_SPI_Transmit)
    HAL_SPI_TransmitReceive                  0x0800168b   Thumb Code   690  stm32f1xx_hal_spi.o(i.HAL_SPI_TransmitReceive)
    HAL_SYSTICK_CLKSourceConfig              0x0800193d   Thumb Code    24  stm32f1xx_hal_cortex.o(i.HAL_SYSTICK_CLKSourceConfig)
    HAL_SYSTICK_Callback                     0x08001955   Thumb Code     2  stm32f1xx_hal_cortex.o(i.HAL_SYSTICK_Callback)
    HAL_SYSTICK_Config                       0x08001957   Thumb Code    40  stm32f1xx_hal_cortex.o(i.HAL_SYSTICK_Config)
    HAL_SYSTICK_IRQHandler                   0x0800197f   Thumb Code     8  stm32f1xx_hal_cortex.o(i.HAL_SYSTICK_IRQHandler)
    HardFault_Handler                        0x08001987   Thumb Code     2  stm32f1xx_it.o(i.HardFault_Handler)
    MX_USB_DEVICE_Init                       0x080019c1   Thumb Code    38  usb_device.o(i.MX_USB_DEVICE_Init)
    MemManage_Handler                        0x080019f9   Thumb Code     2  stm32f1xx_it.o(i.MemManage_Handler)
    NMI_Handler                              0x080019fb   Thumb Code     2  stm32f1xx_it.o(i.NMI_Handler)
    NRF24L01_Available                       0x080019fd   Thumb Code    46  nrf24l01.o(i.NRF24L01_Available)
    NRF24L01_CE_HIGH                         0x08001a2d   Thumb Code    12  nrf24l01.o(i.NRF24L01_CE_HIGH)
    NRF24L01_CE_LOW                          0x08001a3d   Thumb Code    12  nrf24l01.o(i.NRF24L01_CE_LOW)
    NRF24L01_CSN_HIGH                        0x08001a4d   Thumb Code    12  nrf24l01.o(i.NRF24L01_CSN_HIGH)
    NRF24L01_CSN_LOW                         0x08001a5d   Thumb Code    12  nrf24l01.o(i.NRF24L01_CSN_LOW)
    NRF24L01_ClearInterrupts                 0x08001a6d   Thumb Code     8  nrf24l01.o(i.NRF24L01_ClearInterrupts)
    NRF24L01_FlushRx                         0x08001a75   Thumb Code    32  nrf24l01.o(i.NRF24L01_FlushRx)
    NRF24L01_FlushTx                         0x08001a99   Thumb Code    32  nrf24l01.o(i.NRF24L01_FlushTx)
    NRF24L01_GetStatus                       0x08001abd   Thumb Code    40  nrf24l01.o(i.NRF24L01_GetStatus)
    NRF24L01_Init                            0x08001ae9   Thumb Code   246  nrf24l01.o(i.NRF24L01_Init)
    NRF24L01_OpenReadingPipe                 0x08001be9   Thumb Code    56  nrf24l01.o(i.NRF24L01_OpenReadingPipe)
    NRF24L01_PowerUpRx                       0x08001c25   Thumb Code    30  nrf24l01.o(i.NRF24L01_PowerUpRx)
    NRF24L01_Read                            0x08001c45   Thumb Code   104  nrf24l01.o(i.NRF24L01_Read)
    NRF24L01_ReadRegister                    0x08001cb1   Thumb Code    48  nrf24l01.o(i.NRF24L01_ReadRegister)
    NRF24L01_SetAutoAck                      0x08001ce5   Thumb Code    82  nrf24l01.o(i.NRF24L01_SetAutoAck)
    NRF24L01_SetChannel                      0x08001d39   Thumb Code    24  nrf24l01.o(i.NRF24L01_SetChannel)
    NRF24L01_SetCrcLength                    0x08001d55   Thumb Code    42  nrf24l01.o(i.NRF24L01_SetCrcLength)
    NRF24L01_SetRF                           0x08001d81   Thumb Code    60  nrf24l01.o(i.NRF24L01_SetRF)
    NRF24L01_SoftwareReset                   0x08001dc1   Thumb Code   282  nrf24l01.o(i.NRF24L01_SoftwareReset)
    NRF24L01_SpiInit                         0x08001edd   Thumb Code   124  nrf24l01.o(i.NRF24L01_SpiInit)
    NRF24L01_StartListening                  0x08001f65   Thumb Code    44  nrf24l01.o(i.NRF24L01_StartListening)
    NRF24L01_TestCarrier                     0x08001f91   Thumb Code    14  nrf24l01.o(i.NRF24L01_TestCarrier)
    NRF24L01_WriteRegister                   0x08001fa1   Thumb Code    38  nrf24l01.o(i.NRF24L01_WriteRegister)
    NRF24L01_WriteRegisterMulti              0x08001fcd   Thumb Code    74  nrf24l01.o(i.NRF24L01_WriteRegisterMulti)
    SysTick_Handler                          0x0800243d   Thumb Code    14  stm32f1xx_it.o(i.SysTick_Handler)
    SystemClock_Config                       0x0800244b   Thumb Code    92  main.o(i.SystemClock_Config)
    SystemInit                               0x080024a9   Thumb Code    56  system_stm32f1xx.o(i.SystemInit)
    USBD_CDC_GetDeviceQualifierDescriptor    0x08002595   Thumb Code     8  usbd_cdc.o(i.USBD_CDC_GetDeviceQualifierDescriptor)
    USBD_CDC_RegisterInterface               0x0800264d   Thumb Code    16  usbd_cdc.o(i.USBD_CDC_RegisterInterface)
    USBD_CDC_SetRxBuffer                     0x0800265d   Thumb Code    12  usbd_cdc.o(i.USBD_CDC_SetRxBuffer)
    USBD_CDC_SetTxBuffer                     0x08002669   Thumb Code    16  usbd_cdc.o(i.USBD_CDC_SetTxBuffer)
    USBD_CDC_TransmitPacket                  0x080026e9   Thumb Code    48  usbd_cdc.o(i.USBD_CDC_TransmitPacket)
    USBD_ClrClassConfig                      0x08002719   Thumb Code    14  usbd_core.o(i.USBD_ClrClassConfig)
    USBD_CtlContinueRx                       0x08002727   Thumb Code    16  usbd_ioreq.o(i.USBD_CtlContinueRx)
    USBD_CtlContinueSendData                 0x08002737   Thumb Code    16  usbd_ioreq.o(i.USBD_CtlContinueSendData)
    USBD_CtlError                            0x08002747   Thumb Code    22  usbd_ctlreq.o(i.USBD_CtlError)
    USBD_CtlPrepareRx                        0x0800275d   Thumb Code    30  usbd_ioreq.o(i.USBD_CtlPrepareRx)
    USBD_CtlReceiveStatus                    0x0800277b   Thumb Code    22  usbd_ioreq.o(i.USBD_CtlReceiveStatus)
    USBD_CtlSendData                         0x08002791   Thumb Code    26  usbd_ioreq.o(i.USBD_CtlSendData)
    USBD_CtlSendStatus                       0x080027ab   Thumb Code    22  usbd_ioreq.o(i.USBD_CtlSendStatus)
    USBD_FS_ConfigStrDescriptor              0x080027c1   Thumb Code    16  usbd_desc.o(i.USBD_FS_ConfigStrDescriptor)
    USBD_FS_DeviceDescriptor                 0x080027e1   Thumb Code     8  usbd_desc.o(i.USBD_FS_DeviceDescriptor)
    USBD_FS_InterfaceStrDescriptor           0x080027ed   Thumb Code    16  usbd_desc.o(i.USBD_FS_InterfaceStrDescriptor)
    USBD_FS_LangIDStrDescriptor              0x08002811   Thumb Code     8  usbd_desc.o(i.USBD_FS_LangIDStrDescriptor)
    USBD_FS_ManufacturerStrDescriptor        0x0800281d   Thumb Code    16  usbd_desc.o(i.USBD_FS_ManufacturerStrDescriptor)
    USBD_FS_ProductStrDescriptor             0x08002845   Thumb Code    16  usbd_desc.o(i.USBD_FS_ProductStrDescriptor)
    USBD_FS_SerialStrDescriptor              0x08002871   Thumb Code    16  usbd_desc.o(i.USBD_FS_SerialStrDescriptor)
    USBD_GetString                           0x08002975   Thumb Code    70  usbd_ctlreq.o(i.USBD_GetString)
    USBD_Init                                0x080029bb   Thumb Code    42  usbd_core.o(i.USBD_Init)
    USBD_LL_ClearStallEP                     0x080029e5   Thumb Code    14  usbd_conf.o(i.USBD_LL_ClearStallEP)
    USBD_LL_CloseEP                          0x080029f3   Thumb Code    14  usbd_conf.o(i.USBD_LL_CloseEP)
    USBD_LL_DataInStage                      0x08002a01   Thumb Code   170  usbd_core.o(i.USBD_LL_DataInStage)
    USBD_LL_DataOutStage                     0x08002aab   Thumb Code   106  usbd_core.o(i.USBD_LL_DataOutStage)
    USBD_LL_GetRxDataSize                    0x08002b15   Thumb Code     8  usbd_conf.o(i.USBD_LL_GetRxDataSize)
    USBD_LL_Init                             0x08002b1d   Thumb Code   116  usbd_conf.o(i.USBD_LL_Init)
    USBD_LL_IsStallEP                        0x08002b99   Thumb Code    28  usbd_conf.o(i.USBD_LL_IsStallEP)
    USBD_LL_OpenEP                           0x08002bb5   Thumb Code    20  usbd_conf.o(i.USBD_LL_OpenEP)
    USBD_LL_PrepareReceive                   0x08002bc9   Thumb Code    14  usbd_conf.o(i.USBD_LL_PrepareReceive)
    USBD_LL_Reset                            0x08002bd7   Thumb Code    62  usbd_core.o(i.USBD_LL_Reset)
    USBD_LL_Resume                           0x08002c15   Thumb Code    12  usbd_core.o(i.USBD_LL_Resume)
    USBD_LL_SOF                              0x08002c21   Thumb Code    24  usbd_core.o(i.USBD_LL_SOF)
    USBD_LL_SetSpeed                         0x08002c39   Thumb Code     6  usbd_core.o(i.USBD_LL_SetSpeed)
    USBD_LL_SetUSBAddress                    0x08002c3f   Thumb Code    14  usbd_conf.o(i.USBD_LL_SetUSBAddress)
    USBD_LL_SetupStage                       0x08002c4d   Thumb Code    90  usbd_core.o(i.USBD_LL_SetupStage)
    USBD_LL_StallEP                          0x08002ca7   Thumb Code    14  usbd_conf.o(i.USBD_LL_StallEP)
    USBD_LL_Start                            0x08002cb5   Thumb Code    14  usbd_conf.o(i.USBD_LL_Start)
    USBD_LL_Suspend                          0x08002cc3   Thumb Code    18  usbd_core.o(i.USBD_LL_Suspend)
    USBD_LL_Transmit                         0x08002cd5   Thumb Code    14  usbd_conf.o(i.USBD_LL_Transmit)
    USBD_ParseSetupRequest                   0x08002ce3   Thumb Code    40  usbd_ctlreq.o(i.USBD_ParseSetupRequest)
    USBD_RegisterClass                       0x08002d0b   Thumb Code    16  usbd_core.o(i.USBD_RegisterClass)
    USBD_SetClassConfig                      0x08002d1b   Thumb Code    22  usbd_core.o(i.USBD_SetClassConfig)
    USBD_Start                               0x08002da5   Thumb Code    10  usbd_core.o(i.USBD_Start)
    USBD_StdDevReq                           0x08002daf   Thumb Code   242  usbd_ctlreq.o(i.USBD_StdDevReq)
    USBD_StdEPReq                            0x08002ea1   Thumb Code   220  usbd_ctlreq.o(i.USBD_StdEPReq)
    USBD_StdItfReq                           0x08002f7d   Thumb Code    52  usbd_ctlreq.o(i.USBD_StdItfReq)
    USBD_static_free                         0x08002fb1   Thumb Code     4  usbd_conf.o(i.USBD_static_free)
    USBD_static_malloc                       0x08002fb5   Thumb Code     4  usbd_conf.o(i.USBD_static_malloc)
    USB_ActivateEndpoint                     0x08002fbd   Thumb Code   604  stm32f1xx_ll_usb.o(i.USB_ActivateEndpoint)
    USB_CoreInit                             0x08003219   Thumb Code     4  stm32f1xx_ll_usb.o(i.USB_CoreInit)
    USB_DeactivateEndpoint                   0x0800321d   Thumb Code   292  stm32f1xx_ll_usb.o(i.USB_DeactivateEndpoint)
    USB_DevConnect                           0x08003341   Thumb Code     4  stm32f1xx_ll_usb.o(i.USB_DevConnect)
    USB_DevDisconnect                        0x08003345   Thumb Code     4  stm32f1xx_ll_usb.o(i.USB_DevDisconnect)
    USB_DevInit                              0x08003349   Thumb Code    18  stm32f1xx_ll_usb.o(i.USB_DevInit)
    USB_DisableGlobalInt                     0x0800335b   Thumb Code    14  stm32f1xx_ll_usb.o(i.USB_DisableGlobalInt)
    USB_EP0_OutStart                         0x08003369   Thumb Code     4  stm32f1xx_ll_usb.o(i.USB_EP0_OutStart)
    USB_EPClearStall                         0x0800336d   Thumb Code   106  stm32f1xx_ll_usb.o(i.USB_EPClearStall)
    USB_EPSetStall                           0x080033d7   Thumb Code    74  stm32f1xx_ll_usb.o(i.USB_EPSetStall)
    USB_EPStartXfer                          0x08003421   Thumb Code   426  stm32f1xx_ll_usb.o(i.USB_EPStartXfer)
    USB_EnableGlobalInt                      0x080035cb   Thumb Code    14  stm32f1xx_ll_usb.o(i.USB_EnableGlobalInt)
    USB_LP_CAN1_RX0_IRQHandler               0x080035d9   Thumb Code     6  stm32f1xx_it.o(i.USB_LP_CAN1_RX0_IRQHandler)
    USB_ReadInterrupts                       0x080035e5   Thumb Code     6  stm32f1xx_ll_usb.o(i.USB_ReadInterrupts)
    USB_ReadPMA                              0x080035ed   Thumb Code    30  stm32f1xx_ll_usb.o(i.USB_ReadPMA)
    USB_SetCurrentMode                       0x0800360b   Thumb Code     4  stm32f1xx_ll_usb.o(i.USB_SetCurrentMode)
    USB_SetDevAddress                        0x0800360f   Thumb Code    12  stm32f1xx_ll_usb.o(i.USB_SetDevAddress)
    USB_WritePMA                             0x0800361b   Thumb Code    38  stm32f1xx_ll_usb.o(i.USB_WritePMA)
    UsageFault_Handler                       0x08003641   Thumb Code     2  stm32f1xx_it.o(i.UsageFault_Handler)
    __0snprintf$1                            0x08003645   Thumb Code    36  printf1.o(i.__0snprintf$1)
    __1snprintf$1                            0x08003645   Thumb Code     0  printf1.o(i.__0snprintf$1)
    __2snprintf                              0x08003645   Thumb Code     0  printf1.o(i.__0snprintf$1)
    __scatterload_copy                       0x0800366d   Thumb Code    14  handlers.o(i.__scatterload_copy)
    __scatterload_null                       0x0800367b   Thumb Code     2  handlers.o(i.__scatterload_null)
    __scatterload_zeroinit                   0x0800367d   Thumb Code    14  handlers.o(i.__scatterload_zeroinit)
    free                                     0x080037f9   Thumb Code    76  malloc.o(i.free)
    main                                     0x08003849   Thumb Code   318  main.o(i.main)
    malloc                                   0x080039b5   Thumb Code    92  malloc.o(i.malloc)
    aAPBAHBPrescTable                        0x08003a20   Data          16  stm32f1xx_hal_rcc.o(.constdata)
    Region$$Table$$Base                      0x08003a30   Number         0  anon$$obj.o(Region$$Table)
    Region$$Table$$Limit                     0x08003a50   Number         0  anon$$obj.o(Region$$Table)
    uCRCErrorWorkaroundCheck                 0x20000004   Data           1  stm32f1xx_hal_spi_ex.o(.data)
    SystemCoreClock                          0x20000008   Data           4  system_stm32f1xx.o(.data)
    FS_Desc                                  0x2000000c   Data          28  usbd_desc.o(.data)
    USBD_LangIDDesc                          0x20000028   Data           4  usbd_desc.o(.data)
    USBD_FS_DeviceDesc                       0x2000002c   Data          18  usbd_desc.o(.data)
    pipeOut                                  0x2000003e   Data           5  main.o(.data)
    UserTxBufPtrIn                           0x20000044   Data           4  usbd_cdc_if.o(.data)
    UserTxBufPtrOut                          0x20000048   Data           4  usbd_cdc_if.o(.data)
    hUsbDevice_0                             0x2000004c   Data           4  usbd_cdc_if.o(.data)
    LineCoding                               0x20000050   Data           8  usbd_cdc_if.o(.data)
    USBD_Interface_fops_FS                   0x20000058   Data          16  usbd_cdc_if.o(.data)
    pipe0_reading_address                    0x20000068   Data           5  nrf24l01.o(.data)
    USBD_CDC_CfgHSDesc                       0x2000008c   Data          67  usbd_cdc.o(.data)
    USBD_CDC_CfgFSDesc                       0x200000d0   Data          67  usbd_cdc.o(.data)
    USBD_CDC_OtherSpeedCfgDesc               0x20000114   Data          67  usbd_cdc.o(.data)
    USBD_CDC                                 0x20000158   Data          56  usbd_cdc.o(.data)
    __microlib_freelist                      0x20000190   Data           4  mvars.o(.data)
    __microlib_freelist_initialised          0x20000194   Data           4  mvars.o(.data)
    hpcd_USB_FS                              0x200003b8   Data        1056  usbd_conf.o(.bss)
    USBD_StrDesc                             0x200007d8   Data         512  usbd_desc.o(.bss)
    hspi1                                    0x200009d8   Data          88  main.o(.bss)
    txPackage                                0x20000a30   Data          31  main.o(.bss)
    hUsbDeviceFS                             0x20000a50   Data         548  usb_device.o(.bss)
    UserRxBufferFS                           0x20000c74   Data        1024  usbd_cdc_if.o(.bss)
    UserTxBufferFS                           0x20001074   Data        1024  usbd_cdc_if.o(.bss)
    __heap_base                              0x200014a8   Data           0  startup_stm32f103xb.o(HEAP)
    __heap_limit                             0x200016a8   Data           0  startup_stm32f103xb.o(HEAP)
    __initial_sp                             0x20001aa8   Data           0  startup_stm32f103xb.o(STACK)



==============================================================================

Memory Map of the image

  Image Entry point : 0x080000ed

  Load Region LR_IROM1 (Base: 0x08000000, Size: 0x00003be8, Max: 0x00010000, ABSOLUTE, COMPRESSED[0x00003b18])

    Execution Region ER_IROM1 (Base: 0x08000000, Size: 0x00003a50, Max: 0x00010000, ABSOLUTE)

    Base Addr    Size         Type   Attr      Idx    E Section Name        Object

    0x08000000   0x000000ec   Data   RO         1689    RESET               startup_stm32f103xb.o
    0x080000ec   0x00000000   Code   RO         2930  * .ARM.Collect$$$$00000000  mc_w.l(entry.o)
    0x080000ec   0x00000004   Code   RO         3232    .ARM.Collect$$$$00000001  mc_w.l(entry2.o)
    0x080000f0   0x00000004   Code   RO         3235    .ARM.Collect$$$$00000004  mc_w.l(entry5.o)
    0x080000f4   0x00000000   Code   RO         3237    .ARM.Collect$$$$00000008  mc_w.l(entry7b.o)
    0x080000f4   0x00000000   Code   RO         3239    .ARM.Collect$$$$0000000A  mc_w.l(entry8b.o)
    0x080000f4   0x00000008   Code   RO         3240    .ARM.Collect$$$$0000000B  mc_w.l(entry9a.o)
    0x080000fc   0x00000000   Code   RO         3242    .ARM.Collect$$$$0000000D  mc_w.l(entry10a.o)
    0x080000fc   0x00000000   Code   RO         3244    .ARM.Collect$$$$0000000F  mc_w.l(entry11a.o)
    0x080000fc   0x00000004   Code   RO         3233    .ARM.Collect$$$$00002712  mc_w.l(entry2.o)
    0x08000100   0x00000024   Code   RO         1690    .text               startup_stm32f103xb.o
    0x08000124   0x00000024   Code   RO         2935    .text               mc_w.l(memcpya.o)
    0x08000148   0x00000024   Code   RO         2937    .text               mc_w.l(memseta.o)
    0x0800016c   0x0000000e   Code   RO         2939    .text               mc_w.l(strlen.o)
    0x0800017a   0x0000002c   Code   RO         3249    .text               mc_w.l(uidiv.o)
    0x080001a6   0x00000002   PAD
    0x080001a8   0x00000024   Code   RO         3266    .text               mc_w.l(init.o)
    0x080001cc   0x00000056   Code   RO         3284    .text               mc_w.l(__dczerorl2.o)
    0x08000222   0x00000002   Code   RO         2034    i.BusFault_Handler  stm32f1xx_it.o
    0x08000224   0x00000034   Code   RO         2224    i.CDC_Control_FS    usbd_cdc_if.o
    0x08000258   0x00000004   Code   RO         2225    i.CDC_DeInit_FS     usbd_cdc_if.o
    0x0800025c   0x0000002c   Code   RO         2226    i.CDC_Init_FS       usbd_cdc_if.o
    0x08000288   0x00000044   Code   RO         2227    i.CDC_Receive_FS    usbd_cdc_if.o
    0x080002cc   0x00000030   Code   RO         2228    i.CDC_Transmit_FS   usbd_cdc_if.o
    0x080002fc   0x00000002   Code   RO         2035    i.DebugMon_Handler  stm32f1xx_it.o
    0x080002fe   0x00000016   Code   RO          428    i.HAL_Delay         stm32f1xx_hal.o
    0x08000314   0x000001bc   Code   RO         1005    i.HAL_GPIO_Init     stm32f1xx_hal_gpio.o
    0x080004d0   0x0000000a   Code   RO         1009    i.HAL_GPIO_WritePin  stm32f1xx_hal_gpio.o
    0x080004da   0x00000002   PAD
    0x080004dc   0x0000000c   Code   RO          432    i.HAL_GetTick       stm32f1xx_hal.o
    0x080004e8   0x00000010   Code   RO          433    i.HAL_IncTick       stm32f1xx_hal.o
    0x080004f8   0x00000024   Code   RO          434    i.HAL_Init          stm32f1xx_hal.o
    0x0800051c   0x00000022   Code   RO          435    i.HAL_InitTick      stm32f1xx_hal.o
    0x0800053e   0x00000002   PAD
    0x08000540   0x0000006c   Code   RO         2188    i.HAL_MspInit       stm32f1xx_hal_msp.o
    0x080005ac   0x00000016   Code   RO          557    i.HAL_NVIC_EnableIRQ  stm32f1xx_hal_cortex.o
    0x080005c2   0x00000002   PAD
    0x080005c4   0x00000040   Code   RO          563    i.HAL_NVIC_SetPriority  stm32f1xx_hal_cortex.o
    0x08000604   0x00000024   Code   RO          564    i.HAL_NVIC_SetPriorityGrouping  stm32f1xx_hal_cortex.o
    0x08000628   0x00000034   Code   RO         1583    i.HAL_PCDEx_PMAConfig  stm32f1xx_hal_pcd_ex.o
    0x0800065c   0x00000002   Code   RO         1734    i.HAL_PCDEx_SetConnectionState  usbd_conf.o
    0x0800065e   0x0000000e   Code   RO         1736    i.HAL_PCD_DataInStageCallback  usbd_conf.o
    0x0800066c   0x00000010   Code   RO         1737    i.HAL_PCD_DataOutStageCallback  usbd_conf.o
    0x0800067c   0x00000040   Code   RO         1095    i.HAL_PCD_EP_Close  stm32f1xx_hal_pcd.o
    0x080006bc   0x00000048   Code   RO         1096    i.HAL_PCD_EP_ClrStall  stm32f1xx_hal_pcd.o
    0x08000704   0x00000010   Code   RO         1098    i.HAL_PCD_EP_GetRxCount  stm32f1xx_hal_pcd.o
    0x08000714   0x00000044   Code   RO         1099    i.HAL_PCD_EP_Open   stm32f1xx_hal_pcd.o
    0x08000758   0x00000040   Code   RO         1100    i.HAL_PCD_EP_Receive  stm32f1xx_hal_pcd.o
    0x08000798   0x00000056   Code   RO         1101    i.HAL_PCD_EP_SetStall  stm32f1xx_hal_pcd.o
    0x080007ee   0x0000003e   Code   RO         1102    i.HAL_PCD_EP_Transmit  stm32f1xx_hal_pcd.o
    0x0800082c   0x0000010a   Code   RO         1104    i.HAL_PCD_IRQHandler  stm32f1xx_hal_pcd.o
    0x08000936   0x00000002   PAD
    0x08000938   0x000000c0   Code   RO         1107    i.HAL_PCD_Init      stm32f1xx_hal_pcd.o
    0x080009f8   0x0000003c   Code   RO         1742    i.HAL_PCD_MspInit   usbd_conf.o
    0x08000a34   0x0000001a   Code   RO         1743    i.HAL_PCD_ResetCallback  usbd_conf.o
    0x08000a4e   0x00000008   Code   RO         1744    i.HAL_PCD_ResumeCallback  usbd_conf.o
    0x08000a56   0x00000008   Code   RO         1745    i.HAL_PCD_SOFCallback  usbd_conf.o
    0x08000a5e   0x00000028   Code   RO         1113    i.HAL_PCD_SetAddress  stm32f1xx_hal_pcd.o
    0x08000a86   0x0000000e   Code   RO         1746    i.HAL_PCD_SetupStageCallback  usbd_conf.o
    0x08000a94   0x00000032   Code   RO         1115    i.HAL_PCD_Start     stm32f1xx_hal_pcd.o
    0x08000ac6   0x00000002   PAD
    0x08000ac8   0x00000024   Code   RO         1747    i.HAL_PCD_SuspendCallback  usbd_conf.o
    0x08000aec   0x00000288   Code   RO          898    i.HAL_RCC_ClockConfig  stm32f1xx_hal_rcc.o
    0x08000d74   0x00000034   Code   RO          903    i.HAL_RCC_GetHCLKFreq  stm32f1xx_hal_rcc.o
    0x08000da8   0x00000088   Code   RO          907    i.HAL_RCC_GetSysClockFreq  stm32f1xx_hal_rcc.o
    0x08000e30   0x00000632   Code   RO          910    i.HAL_RCC_OscConfig  stm32f1xx_hal_rcc.o
    0x08001462   0x00000002   PAD
    0x08001464   0x00000088   Code   RO          864    i.HAL_SPI_Init      stm32f1xx_hal_spi_ex.o
    0x080014ec   0x00000058   Code   RO         2190    i.HAL_SPI_MspInit   stm32f1xx_hal_msp.o
    0x08001544   0x00000146   Code   RO           20    i.HAL_SPI_Transmit  stm32f1xx_hal_spi.o
    0x0800168a   0x000002b2   Code   RO           21    i.HAL_SPI_TransmitReceive  stm32f1xx_hal_spi.o
    0x0800193c   0x00000018   Code   RO          566    i.HAL_SYSTICK_CLKSourceConfig  stm32f1xx_hal_cortex.o
    0x08001954   0x00000002   Code   RO          567    i.HAL_SYSTICK_Callback  stm32f1xx_hal_cortex.o
    0x08001956   0x00000028   Code   RO          568    i.HAL_SYSTICK_Config  stm32f1xx_hal_cortex.o
    0x0800197e   0x00000008   Code   RO          569    i.HAL_SYSTICK_IRQHandler  stm32f1xx_hal_cortex.o
    0x08001986   0x00000002   Code   RO         2036    i.HardFault_Handler  stm32f1xx_it.o
    0x08001988   0x00000038   Code   RO         2104    i.MX_SPI1_Init      main.o
    0x080019c0   0x00000038   Code   RO         2154    i.MX_USB_DEVICE_Init  usb_device.o
    0x080019f8   0x00000002   Code   RO         2037    i.MemManage_Handler  stm32f1xx_it.o
    0x080019fa   0x00000002   Code   RO         2038    i.NMI_Handler       stm32f1xx_it.o
    0x080019fc   0x0000002e   Code   RO         2277    i.NRF24L01_Available  nrf24l01.o
    0x08001a2a   0x00000002   PAD
    0x08001a2c   0x00000010   Code   RO         2278    i.NRF24L01_CE_HIGH  nrf24l01.o
    0x08001a3c   0x00000010   Code   RO         2279    i.NRF24L01_CE_LOW   nrf24l01.o
    0x08001a4c   0x00000010   Code   RO         2280    i.NRF24L01_CSN_HIGH  nrf24l01.o
    0x08001a5c   0x00000010   Code   RO         2281    i.NRF24L01_CSN_LOW  nrf24l01.o
    0x08001a6c   0x00000008   Code   RO         2282    i.NRF24L01_ClearInterrupts  nrf24l01.o
    0x08001a74   0x00000024   Code   RO         2284    i.NRF24L01_FlushRx  nrf24l01.o
    0x08001a98   0x00000024   Code   RO         2285    i.NRF24L01_FlushTx  nrf24l01.o
    0x08001abc   0x0000002c   Code   RO         2292    i.NRF24L01_GetStatus  nrf24l01.o
    0x08001ae8   0x00000100   Code   RO         2294    i.NRF24L01_Init     nrf24l01.o
    0x08001be8   0x0000003c   Code   RO         2295    i.NRF24L01_OpenReadingPipe  nrf24l01.o
    0x08001c24   0x0000001e   Code   RO         2299    i.NRF24L01_PowerUpRx  nrf24l01.o
    0x08001c42   0x00000002   PAD
    0x08001c44   0x0000006c   Code   RO         2301    i.NRF24L01_Read     nrf24l01.o
    0x08001cb0   0x00000034   Code   RO         2303    i.NRF24L01_ReadRegister  nrf24l01.o
    0x08001ce4   0x00000052   Code   RO         2306    i.NRF24L01_SetAutoAck  nrf24l01.o
    0x08001d36   0x00000002   PAD
    0x08001d38   0x0000001c   Code   RO         2307    i.NRF24L01_SetChannel  nrf24l01.o
    0x08001d54   0x0000002a   Code   RO         2308    i.NRF24L01_SetCrcLength  nrf24l01.o
    0x08001d7e   0x00000002   PAD
    0x08001d80   0x00000040   Code   RO         2310    i.NRF24L01_SetRF    nrf24l01.o
    0x08001dc0   0x0000011a   Code   RO         2314    i.NRF24L01_SoftwareReset  nrf24l01.o
    0x08001eda   0x00000002   PAD
    0x08001edc   0x00000088   Code   RO         2315    i.NRF24L01_SpiInit  nrf24l01.o
    0x08001f64   0x0000002c   Code   RO         2316    i.NRF24L01_StartListening  nrf24l01.o
    0x08001f90   0x0000000e   Code   RO         2318    i.NRF24L01_TestCarrier  nrf24l01.o
    0x08001f9e   0x00000002   PAD
    0x08001fa0   0x0000002c   Code   RO         2321    i.NRF24L01_WriteRegister  nrf24l01.o
    0x08001fcc   0x00000050   Code   RO         2322    i.NRF24L01_WriteRegisterMulti  nrf24l01.o
    0x0800201c   0x00000020   Code   RO          570    i.NVIC_SetPriority  stm32f1xx_hal_cortex.o
    0x0800203c   0x00000362   Code   RO         1118    i.PCD_EP_ISR_Handler  stm32f1xx_hal_pcd.o
    0x0800239e   0x0000009e   Code   RO           43    i.SPI_WaitOnFlagUntilTimeout  stm32f1xx_hal_spi.o
    0x0800243c   0x0000000e   Code   RO         2039    i.SysTick_Handler   stm32f1xx_it.o
    0x0800244a   0x0000005c   Code   RO         2105    i.SystemClock_Config  main.o
    0x080024a6   0x00000002   PAD
    0x080024a8   0x00000048   Code   RO         1698    i.SystemInit        system_stm32f1xx.o
    0x080024f0   0x00000014   Code   RO         2629    i.USBD_CDC_DataIn   usbd_cdc.o
    0x08002504   0x0000002e   Code   RO         2630    i.USBD_CDC_DataOut  usbd_cdc.o
    0x08002532   0x0000003c   Code   RO         2631    i.USBD_CDC_DeInit   usbd_cdc.o
    0x0800256e   0x00000024   Code   RO         2632    i.USBD_CDC_EP0_RxReady  usbd_cdc.o
    0x08002592   0x00000002   PAD
    0x08002594   0x0000000c   Code   RO         2633    i.USBD_CDC_GetDeviceQualifierDescriptor  usbd_cdc.o
    0x080025a0   0x0000000c   Code   RO         2634    i.USBD_CDC_GetFSCfgDesc  usbd_cdc.o
    0x080025ac   0x0000000c   Code   RO         2635    i.USBD_CDC_GetHSCfgDesc  usbd_cdc.o
    0x080025b8   0x0000000c   Code   RO         2636    i.USBD_CDC_GetOtherSpeedCfgDesc  usbd_cdc.o
    0x080025c4   0x00000088   Code   RO         2637    i.USBD_CDC_Init     usbd_cdc.o
    0x0800264c   0x00000010   Code   RO         2639    i.USBD_CDC_RegisterInterface  usbd_cdc.o
    0x0800265c   0x0000000c   Code   RO         2640    i.USBD_CDC_SetRxBuffer  usbd_cdc.o
    0x08002668   0x00000010   Code   RO         2641    i.USBD_CDC_SetTxBuffer  usbd_cdc.o
    0x08002678   0x00000070   Code   RO         2642    i.USBD_CDC_Setup    usbd_cdc.o
    0x080026e8   0x00000030   Code   RO         2643    i.USBD_CDC_TransmitPacket  usbd_cdc.o
    0x08002718   0x0000000e   Code   RO         2735    i.USBD_ClrClassConfig  usbd_core.o
    0x08002726   0x00000010   Code   RO         2873    i.USBD_CtlContinueRx  usbd_ioreq.o
    0x08002736   0x00000010   Code   RO         2874    i.USBD_CtlContinueSendData  usbd_ioreq.o
    0x08002746   0x00000016   Code   RO         2564    i.USBD_CtlError     usbd_ctlreq.o
    0x0800275c   0x0000001e   Code   RO         2875    i.USBD_CtlPrepareRx  usbd_ioreq.o
    0x0800277a   0x00000016   Code   RO         2876    i.USBD_CtlReceiveStatus  usbd_ioreq.o
    0x08002790   0x0000001a   Code   RO         2877    i.USBD_CtlSendData  usbd_ioreq.o
    0x080027aa   0x00000016   Code   RO         2878    i.USBD_CtlSendStatus  usbd_ioreq.o
    0x080027c0   0x00000020   Code   RO         1966    i.USBD_FS_ConfigStrDescriptor  usbd_desc.o
    0x080027e0   0x0000000c   Code   RO         1967    i.USBD_FS_DeviceDescriptor  usbd_desc.o
    0x080027ec   0x00000024   Code   RO         1968    i.USBD_FS_InterfaceStrDescriptor  usbd_desc.o
    0x08002810   0x0000000c   Code   RO         1969    i.USBD_FS_LangIDStrDescriptor  usbd_desc.o
    0x0800281c   0x00000028   Code   RO         1970    i.USBD_FS_ManufacturerStrDescriptor  usbd_desc.o
    0x08002844   0x0000002c   Code   RO         1971    i.USBD_FS_ProductStrDescriptor  usbd_desc.o
    0x08002870   0x00000024   Code   RO         1972    i.USBD_FS_SerialStrDescriptor  usbd_desc.o
    0x08002894   0x000000e0   Code   RO         2565    i.USBD_GetDescriptor  usbd_ctlreq.o
    0x08002974   0x00000046   Code   RO         2566    i.USBD_GetString    usbd_ctlreq.o
    0x080029ba   0x0000002a   Code   RO         2737    i.USBD_Init         usbd_core.o
    0x080029e4   0x0000000e   Code   RO         1748    i.USBD_LL_ClearStallEP  usbd_conf.o
    0x080029f2   0x0000000e   Code   RO         1749    i.USBD_LL_CloseEP   usbd_conf.o
    0x08002a00   0x000000aa   Code   RO         2738    i.USBD_LL_DataInStage  usbd_core.o
    0x08002aaa   0x0000006a   Code   RO         2739    i.USBD_LL_DataOutStage  usbd_core.o
    0x08002b14   0x00000008   Code   RO         1753    i.USBD_LL_GetRxDataSize  usbd_conf.o
    0x08002b1c   0x0000007c   Code   RO         1754    i.USBD_LL_Init      usbd_conf.o
    0x08002b98   0x0000001c   Code   RO         1755    i.USBD_LL_IsStallEP  usbd_conf.o
    0x08002bb4   0x00000014   Code   RO         1756    i.USBD_LL_OpenEP    usbd_conf.o
    0x08002bc8   0x0000000e   Code   RO         1757    i.USBD_LL_PrepareReceive  usbd_conf.o
    0x08002bd6   0x0000003e   Code   RO         2744    i.USBD_LL_Reset     usbd_core.o
    0x08002c14   0x0000000c   Code   RO         2745    i.USBD_LL_Resume    usbd_core.o
    0x08002c20   0x00000018   Code   RO         2746    i.USBD_LL_SOF       usbd_core.o
    0x08002c38   0x00000006   Code   RO         2747    i.USBD_LL_SetSpeed  usbd_core.o
    0x08002c3e   0x0000000e   Code   RO         1758    i.USBD_LL_SetUSBAddress  usbd_conf.o
    0x08002c4c   0x0000005a   Code   RO         2748    i.USBD_LL_SetupStage  usbd_core.o
    0x08002ca6   0x0000000e   Code   RO         1759    i.USBD_LL_StallEP   usbd_conf.o
    0x08002cb4   0x0000000e   Code   RO         1760    i.USBD_LL_Start     usbd_conf.o
    0x08002cc2   0x00000012   Code   RO         2749    i.USBD_LL_Suspend   usbd_core.o
    0x08002cd4   0x0000000e   Code   RO         1762    i.USBD_LL_Transmit  usbd_conf.o
    0x08002ce2   0x00000028   Code   RO         2567    i.USBD_ParseSetupRequest  usbd_ctlreq.o
    0x08002d0a   0x00000010   Code   RO         2750    i.USBD_RegisterClass  usbd_core.o
    0x08002d1a   0x00000016   Code   RO         2752    i.USBD_SetClassConfig  usbd_core.o
    0x08002d30   0x00000074   Code   RO         2568    i.USBD_SetConfig    usbd_ctlreq.o
    0x08002da4   0x0000000a   Code   RO         2753    i.USBD_Start        usbd_core.o
    0x08002dae   0x000000f2   Code   RO         2569    i.USBD_StdDevReq    usbd_ctlreq.o
    0x08002ea0   0x000000dc   Code   RO         2570    i.USBD_StdEPReq     usbd_ctlreq.o
    0x08002f7c   0x00000034   Code   RO         2571    i.USBD_StdItfReq    usbd_ctlreq.o
    0x08002fb0   0x00000004   Code   RO         1763    i.USBD_static_free  usbd_conf.o
    0x08002fb4   0x00000008   Code   RO         1764    i.USBD_static_malloc  usbd_conf.o
    0x08002fbc   0x0000025c   Code   RO          672    i.USB_ActivateEndpoint  stm32f1xx_ll_usb.o
    0x08003218   0x00000004   Code   RO          675    i.USB_CoreInit      stm32f1xx_ll_usb.o
    0x0800321c   0x00000124   Code   RO          677    i.USB_DeactivateEndpoint  stm32f1xx_ll_usb.o
    0x08003340   0x00000004   Code   RO          678    i.USB_DevConnect    stm32f1xx_ll_usb.o
    0x08003344   0x00000004   Code   RO          679    i.USB_DevDisconnect  stm32f1xx_ll_usb.o
    0x08003348   0x00000012   Code   RO          680    i.USB_DevInit       stm32f1xx_ll_usb.o
    0x0800335a   0x0000000e   Code   RO          681    i.USB_DisableGlobalInt  stm32f1xx_ll_usb.o
    0x08003368   0x00000004   Code   RO          682    i.USB_EP0_OutStart  stm32f1xx_ll_usb.o
    0x0800336c   0x0000006a   Code   RO          683    i.USB_EPClearStall  stm32f1xx_ll_usb.o
    0x080033d6   0x0000004a   Code   RO          684    i.USB_EPSetStall    stm32f1xx_ll_usb.o
    0x08003420   0x000001aa   Code   RO          685    i.USB_EPStartXfer   stm32f1xx_ll_usb.o
    0x080035ca   0x0000000e   Code   RO          686    i.USB_EnableGlobalInt  stm32f1xx_ll_usb.o
    0x080035d8   0x0000000c   Code   RO         2040    i.USB_LP_CAN1_RX0_IRQHandler  stm32f1xx_it.o
    0x080035e4   0x00000006   Code   RO          693    i.USB_ReadInterrupts  stm32f1xx_ll_usb.o
    0x080035ea   0x00000002   PAD
    0x080035ec   0x0000001e   Code   RO          694    i.USB_ReadPMA       stm32f1xx_ll_usb.o
    0x0800360a   0x00000004   Code   RO          696    i.USB_SetCurrentMode  stm32f1xx_ll_usb.o
    0x0800360e   0x0000000c   Code   RO          697    i.USB_SetDevAddress  stm32f1xx_ll_usb.o
    0x0800361a   0x00000026   Code   RO          699    i.USB_WritePMA      stm32f1xx_ll_usb.o
    0x08003640   0x00000002   Code   RO         2041    i.UsageFault_Handler  stm32f1xx_it.o
    0x08003642   0x00000002   PAD
    0x08003644   0x00000028   Code   RO         2989    i.__0snprintf$1     mc_w.l(printf1.o)
    0x0800366c   0x0000000e   Code   RO         3278    i.__scatterload_copy  mc_w.l(handlers.o)
    0x0800367a   0x00000002   Code   RO         3279    i.__scatterload_null  mc_w.l(handlers.o)
    0x0800367c   0x0000000e   Code   RO         3280    i.__scatterload_zeroinit  mc_w.l(handlers.o)
    0x0800368a   0x00000002   PAD
    0x0800368c   0x00000154   Code   RO         2995    i._printf_core      mc_w.l(printf1.o)
    0x080037e0   0x00000016   Code   RO         2996    i._snputc           mc_w.l(printf1.o)
    0x080037f6   0x00000002   PAD
    0x080037f8   0x00000050   Code   RO         3204    i.free              mc_w.l(malloc.o)
    0x08003848   0x0000016c   Code   RO         2106    i.main              main.o
    0x080039b4   0x0000006c   Code   RO         3205    i.malloc            mc_w.l(malloc.o)
    0x08003a20   0x00000010   Data   RO          911    .constdata          stm32f1xx_hal_rcc.o
    0x08003a30   0x00000020   Data   RO         3276    Region$$Table       anon$$obj.o


    Execution Region RW_IRAM1 (Base: 0x20000000, Size: 0x00001aa8, Max: 0x00005000, ABSOLUTE, COMPRESSED[0x000000c8])

    Base Addr    Size         Type   Attr      Idx    E Section Name        Object

    0x20000000   0x00000004   Data   RW          440    .data               stm32f1xx_hal.o
    0x20000004   0x00000001   Data   RW          866    .data               stm32f1xx_hal_spi_ex.o
    0x20000005   0x00000003   PAD
    0x20000008   0x00000004   Data   RW         1700    .data               system_stm32f1xx.o
    0x2000000c   0x0000001c   Data   RW         1974    .data               usbd_desc.o
    0x20000028   0x00000016   Data   RW         1975    .data               usbd_desc.o
    0x2000003e   0x00000005   Data   RW         2108    .data               main.o
    0x20000043   0x00000001   PAD
    0x20000044   0x00000014   Data   RW         2230    .data               usbd_cdc_if.o
    0x20000058   0x00000010   Data   RW         2231    .data               usbd_cdc_if.o
    0x20000068   0x00000010   Data   RW         2325    .data               nrf24l01.o
    0x20000078   0x00000001   Data   RW         2572    .data               usbd_ctlreq.o
    0x20000079   0x00000003   PAD
    0x2000007c   0x000000db   Data   RW         2644    .data               usbd_cdc.o
    0x20000157   0x00000001   PAD
    0x20000158   0x00000038   Data   RW         2645    .data               usbd_cdc.o
    0x20000190   0x00000004   Data   RW         3253    .data               mc_w.l(mvars.o)
    0x20000194   0x00000004   Data   RW         3254    .data               mc_w.l(mvars.o)
    0x20000198   0x00000640   Zero   RW         1765    .bss                usbd_conf.o
    0x200007d8   0x00000200   Zero   RW         1973    .bss                usbd_desc.o
    0x200009d8   0x00000077   Zero   RW         2107    .bss                main.o
    0x20000a4f   0x00000001   PAD
    0x20000a50   0x00000224   Zero   RW         2155    .bss                usb_device.o
    0x20000c74   0x00000800   Zero   RW         2229    .bss                usbd_cdc_if.o
    0x20001474   0x00000030   Zero   RW         2324    .bss                nrf24l01.o
    0x200014a4   0x00000004   PAD
    0x200014a8   0x00000200   Zero   RW         1688    HEAP                startup_stm32f103xb.o
    0x200016a8   0x00000400   Zero   RW         1687    STACK               startup_stm32f103xb.o


==============================================================================

Image component sizes


      Code (inc. data)   RO Data    RW Data    ZI Data      Debug   Object Name

       512         56          0          5        119       3966   main.o
      1556         82          0         16         48      19716   nrf24l01.o
        36          8        236          0       1536        780   startup_stm32f103xb.o
       120         16          0          4          0       3678   stm32f1xx_hal.o
       228         14          0          0          0      27493   stm32f1xx_hal_cortex.o
       454         36          0          0          0       3084   stm32f1xx_hal_gpio.o
       196         24          0          0          0       1520   stm32f1xx_hal_msp.o
      1846          0          0          0          0      10405   stm32f1xx_hal_pcd.o
        52          0          0          0          0       1198   stm32f1xx_hal_pcd_ex.o
      2422         70         16          0          0       5146   stm32f1xx_hal_rcc.o
      1174          0          0          0          0     241613   stm32f1xx_hal_spi.o
       136          4          0          1          0       1390   stm32f1xx_hal_spi_ex.o
        38          6          0          0          0       3528   stm32f1xx_it.o
      1654          0          0          0          0      12771   stm32f1xx_ll_usb.o
        72         16          0          4          0       1365   system_stm32f1xx.o
        56         18          0          0        548        724   usb_device.o
       550         22          0        275          0      12117   usbd_cdc.o
       216         32          0         36       2048       3622   usbd_cdc_if.o
       474         28          0          0       1600      18752   usbd_conf.o
       592          0          0          0          0       9308   usbd_core.o
       986         30          0          1          0       7840   usbd_ctlreq.o
       212        116          0         50        512       5015   usbd_desc.o
       132          0          0          0          0       4400   usbd_ioreq.o

    ----------------------------------------------------------------------
     13746        578        284        400       6416     399431   Object Totals
         0          0         32          0          0          0   (incl. Generated)
        32          0          0          8          5          0   (incl. Padding)

    ----------------------------------------------------------------------

      Code (inc. data)   RO Data    RW Data    ZI Data      Debug   Library Member Name

        86          0          0          0          0          0   __dczerorl2.o
         0          0          0          0          0          0   entry.o
         0          0          0          0          0          0   entry10a.o
         0          0          0          0          0          0   entry11a.o
         8          4          0          0          0          0   entry2.o
         4          0          0          0          0          0   entry5.o
         0          0          0          0          0          0   entry7b.o
         0          0          0          0          0          0   entry8b.o
         8          4          0          0          0          0   entry9a.o
        30          0          0          0          0          0   handlers.o
        36          8          0          0          0         68   init.o
       188         20          0          0          0        160   malloc.o
        36          0          0          0          0         68   memcpya.o
        36          0          0          0          0        108   memseta.o
         0          0          0          8          0          0   mvars.o
       402          8          0          0          0        252   printf1.o
        14          0          0          0          0         68   strlen.o
        44          0          0          0          0         80   uidiv.o

    ----------------------------------------------------------------------
       898         44          0          8          0        804   Library Totals
         6          0          0          0          0          0   (incl. Padding)

    ----------------------------------------------------------------------

      Code (inc. data)   RO Data    RW Data    ZI Data      Debug   Library Name

       892         44          0          8          0        804   mc_w.l

    ----------------------------------------------------------------------
       898         44          0          8          0        804   Library Totals

    ----------------------------------------------------------------------

==============================================================================


      Code (inc. data)   RO Data    RW Data    ZI Data      Debug   

     14644        622        284        408       6416     391627   Grand Totals
     14644        622        284        200       6416     391627   ELF Image Totals (compressed)
     14644        622        284        200          0          0   ROM Totals

==============================================================================

    Total RO  Size (Code + RO Data)                14928 (  14.58kB)
    Total RW  Size (RW Data + ZI Data)              6824 (   6.66kB)
    Total ROM Size (Code + RO Data + RW Data)      15128 (  14.77kB)

==============================================================================

